Aug 28 15:14:25 connectingpoint kernel: Linux version 6.8.0-78-generic (buildd@lcy02-amd64-033) (x86_64-linux-gnu-gcc-13 (Ubuntu 13.3.0-6ubuntu2~24.04) 13.3.0, GNU ld (GNU Binutils for Ubuntu) 2.42) #78-Ubuntu SMP PREEMPT_DYNAMIC Tue Aug 12 11:34:18 UTC 2025 (Ubuntu 6.8.0-78.78-generic 6.8.12)
Aug 28 15:14:25 connectingpoint kernel: Command line: BOOT_IMAGE=/vmlinuz-6.8.0-78-generic root=/dev/mapper/ubuntu--vg-ubuntu--lv ro
Aug 28 15:14:25 connectingpoint kernel: KERNEL supported cpus:
Aug 28 15:14:25 connectingpoint kernel:   Intel GenuineIntel
Aug 28 15:14:25 connectingpoint kernel:   AMD AuthenticAMD
Aug 28 15:14:25 connectingpoint kernel:   Hygon HygonGenuine
Aug 28 15:14:25 connectingpoint kernel:   Centaur CentaurHauls
Aug 28 15:14:25 connectingpoint kernel:   zhaoxin   Shanghai  
Aug 28 15:14:25 connectingpoint kernel: BIOS-provided physical RAM map:
Aug 28 15:14:25 connectingpoint kernel: BIOS-e820: [mem 0x0000000000000000-0x000000000009ffff] usable
Aug 28 15:14:25 connectingpoint kernel: BIOS-e820: [mem 0x0000000000100000-0x000000007a088fff] usable
Aug 28 15:14:25 connectingpoint kernel: BIOS-e820: [mem 0x000000007a089000-0x000000007af0afff] reserved
Aug 28 15:14:25 connectingpoint kernel: BIOS-e820: [mem 0x000000007af0b000-0x000000007b93afff] ACPI NVS
Aug 28 15:14:25 connectingpoint kernel: BIOS-e820: [mem 0x000000007b93b000-0x000000007bab5fff] ACPI data
Aug 28 15:14:25 connectingpoint kernel: BIOS-e820: [mem 0x000000007bab6000-0x000000007bae8fff] usable
Aug 28 15:14:25 connectingpoint kernel: BIOS-e820: [mem 0x000000007bae9000-0x000000007bafefff] ACPI data
Aug 28 15:14:25 connectingpoint kernel: BIOS-e820: [mem 0x000000007baff000-0x000000007bafffff] usable
Aug 28 15:14:25 connectingpoint kernel: BIOS-e820: [mem 0x0000000080000000-0x000000008fffffff] reserved
Aug 28 15:14:25 connectingpoint kernel: BIOS-e820: [mem 0x00000000feda8000-0x00000000fedabfff] reserved
Aug 28 15:14:25 connectingpoint kernel: BIOS-e820: [mem 0x00000000ff310000-0x00000000ffffffff] reserved
Aug 28 15:14:25 connectingpoint kernel: BIOS-e820: [mem 0x0000000100000000-0x000000107fffffff] usable
Aug 28 15:14:25 connectingpoint kernel: NX (Execute Disable) protection: active
Aug 28 15:14:25 connectingpoint kernel: APIC: Static calls initialized
Aug 28 15:14:25 connectingpoint kernel: e820: update [mem 0x71ada018-0x71af2457] usable ==> usable
Aug 28 15:14:25 connectingpoint kernel: e820: update [mem 0x71ada018-0x71af2457] usable ==> usable
Aug 28 15:14:25 connectingpoint kernel: e820: update [mem 0x71a81018-0x71ad9857] usable ==> usable
Aug 28 15:14:25 connectingpoint kernel: e820: update [mem 0x71a81018-0x71ad9857] usable ==> usable
Aug 28 15:14:25 connectingpoint kernel: e820: update [mem 0x71a28018-0x71a80857] usable ==> usable
Aug 28 15:14:25 connectingpoint kernel: e820: update [mem 0x71a28018-0x71a80857] usable ==> usable
Aug 28 15:14:25 connectingpoint kernel: e820: update [mem 0x713c2018-0x7141a857] usable ==> usable
Aug 28 15:14:25 connectingpoint kernel: e820: update [mem 0x713c2018-0x7141a857] usable ==> usable
Aug 28 15:14:25 connectingpoint kernel: e820: update [mem 0x71369018-0x713c1857] usable ==> usable
Aug 28 15:14:25 connectingpoint kernel: e820: update [mem 0x71369018-0x713c1857] usable ==> usable
Aug 28 15:14:25 connectingpoint kernel: e820: update [mem 0x734c5018-0x734cd057] usable ==> usable
Aug 28 15:14:25 connectingpoint kernel: e820: update [mem 0x734c5018-0x734cd057] usable ==> usable
Aug 28 15:14:25 connectingpoint kernel: extended physical RAM map:
Aug 28 15:14:25 connectingpoint kernel: reserve setup_data: [mem 0x0000000000000000-0x000000000009ffff] usable
Aug 28 15:14:25 connectingpoint kernel: reserve setup_data: [mem 0x0000000000100000-0x0000000071369017] usable
Aug 28 15:14:25 connectingpoint kernel: reserve setup_data: [mem 0x0000000071369018-0x00000000713c1857] usable
Aug 28 15:14:25 connectingpoint kernel: reserve setup_data: [mem 0x00000000713c1858-0x00000000713c2017] usable
Aug 28 15:14:25 connectingpoint kernel: reserve setup_data: [mem 0x00000000713c2018-0x000000007141a857] usable
Aug 28 15:14:25 connectingpoint kernel: reserve setup_data: [mem 0x000000007141a858-0x0000000071a28017] usable
Aug 28 15:14:25 connectingpoint kernel: reserve setup_data: [mem 0x0000000071a28018-0x0000000071a80857] usable
Aug 28 15:14:25 connectingpoint kernel: reserve setup_data: [mem 0x0000000071a80858-0x0000000071a81017] usable
Aug 28 15:14:25 connectingpoint kernel: reserve setup_data: [mem 0x0000000071a81018-0x0000000071ad9857] usable
Aug 28 15:14:25 connectingpoint kernel: reserve setup_data: [mem 0x0000000071ad9858-0x0000000071ada017] usable
Aug 28 15:14:25 connectingpoint kernel: reserve setup_data: [mem 0x0000000071ada018-0x0000000071af2457] usable
Aug 28 15:14:25 connectingpoint kernel: reserve setup_data: [mem 0x0000000071af2458-0x00000000734c5017] usable
Aug 28 15:14:25 connectingpoint kernel: reserve setup_data: [mem 0x00000000734c5018-0x00000000734cd057] usable
Aug 28 15:14:25 connectingpoint kernel: reserve setup_data: [mem 0x00000000734cd058-0x000000007a088fff] usable
Aug 28 15:14:25 connectingpoint kernel: reserve setup_data: [mem 0x000000007a089000-0x000000007af0afff] reserved
Aug 28 15:14:25 connectingpoint kernel: reserve setup_data: [mem 0x000000007af0b000-0x000000007b93afff] ACPI NVS
Aug 28 15:14:25 connectingpoint kernel: reserve setup_data: [mem 0x000000007b93b000-0x000000007bab5fff] ACPI data
Aug 28 15:14:25 connectingpoint kernel: reserve setup_data: [mem 0x000000007bab6000-0x000000007bae8fff] usable
Aug 28 15:14:25 connectingpoint kernel: reserve setup_data: [mem 0x000000007bae9000-0x000000007bafefff] ACPI data
Aug 28 15:14:25 connectingpoint kernel: reserve setup_data: [mem 0x000000007baff000-0x000000007bafffff] usable
Aug 28 15:14:25 connectingpoint kernel: reserve setup_data: [mem 0x0000000080000000-0x000000008fffffff] reserved
Aug 28 15:14:25 connectingpoint kernel: reserve setup_data: [mem 0x00000000feda8000-0x00000000fedabfff] reserved
Aug 28 15:14:25 connectingpoint kernel: reserve setup_data: [mem 0x00000000ff310000-0x00000000ffffffff] reserved
Aug 28 15:14:25 connectingpoint kernel: reserve setup_data: [mem 0x0000000100000000-0x000000107fffffff] usable
Aug 28 15:14:25 connectingpoint kernel: efi: EFI v2.4 by Dell Inc.
Aug 28 15:14:25 connectingpoint kernel: efi: ACPI 2.0=0x7bab5014 SMBIOS=0x7af0a000 ACPI=0x7bab5000 MOKvar=0x7a155000 INITRD=0x734fd818 
Aug 28 15:14:25 connectingpoint kernel: efi: Remove mem247: MMIO range=[0x80000000-0x8fffffff] (256MB) from e820 map
Aug 28 15:14:25 connectingpoint kernel: e820: remove [mem 0x80000000-0x8fffffff] reserved
Aug 28 15:14:25 connectingpoint kernel: efi: Not removing mem248: MMIO range=[0xfeda8000-0xfedabfff] (16KB) from e820 map
Aug 28 15:14:25 connectingpoint kernel: efi: Remove mem249: MMIO range=[0xff310000-0xffffffff] (12MB) from e820 map
Aug 28 15:14:25 connectingpoint kernel: e820: remove [mem 0xff310000-0xffffffff] reserved
Aug 28 15:14:25 connectingpoint kernel: secureboot: Secure boot disabled
Aug 28 15:14:25 connectingpoint kernel: SMBIOS 2.8 present.
Aug 28 15:14:25 connectingpoint kernel: DMI: Dell Inc. PowerEdge R730/072T6D, BIOS 2.19.0 12/12/2023
Aug 28 15:14:25 connectingpoint kernel: tsc: Fast TSC calibration using PIT
Aug 28 15:14:25 connectingpoint kernel: tsc: Detected 2400.035 MHz processor
Aug 28 15:14:25 connectingpoint kernel: e820: update [mem 0x00000000-0x00000fff] usable ==> reserved
Aug 28 15:14:25 connectingpoint kernel: e820: remove [mem 0x000a0000-0x000fffff] usable
Aug 28 15:14:25 connectingpoint kernel: last_pfn = 0x1080000 max_arch_pfn = 0x400000000
Aug 28 15:14:25 connectingpoint kernel: MTRR map: 6 entries (3 fixed + 3 variable; max 23), built from 10 variable MTRRs
Aug 28 15:14:25 connectingpoint kernel: x86/PAT: Configuration [0-7]: WB  WC  UC- UC  WB  WP  UC- WT  
Aug 28 15:14:25 connectingpoint kernel: last_pfn = 0x7bb00 max_arch_pfn = 0x400000000
Aug 28 15:14:25 connectingpoint kernel: Using GB pages for direct mapping
Aug 28 15:14:25 connectingpoint kernel: secureboot: Secure boot disabled
Aug 28 15:14:25 connectingpoint kernel: RAMDISK: [mem 0x67770000-0x6c2bffff]
Aug 28 15:14:25 connectingpoint kernel: ACPI: Early table checksum verification disabled
Aug 28 15:14:25 connectingpoint kernel: ACPI: RSDP 0x000000007BAB5014 000024 (v02 DELL  )
Aug 28 15:14:25 connectingpoint kernel: ACPI: XSDT 0x000000007BAB40E8 0000BC (v01 DELL   PE_SC3   00000000      01000013)
Aug 28 15:14:25 connectingpoint kernel: ACPI: FACP 0x000000007BAB0000 0000F4 (v04 DELL   PE_SC3   00000000 DELL 00000001)
Aug 28 15:14:25 connectingpoint kernel: ACPI: DSDT 0x000000007BA98000 010F68 (v02 DELL   PE_SC3   00000003 DELL 00000001)
Aug 28 15:14:25 connectingpoint kernel: ACPI: FACS 0x000000007B8C3000 000040
Aug 28 15:14:25 connectingpoint kernel: ACPI: MCEJ 0x000000007BAB3000 000130 (v01 INTEL           00000001 INTL 0100000D)
Aug 28 15:14:25 connectingpoint kernel: ACPI: WD__ 0x000000007BAB2000 000134 (v01 DELL   PE_SC3   00000001 DELL 00000001)
Aug 28 15:14:25 connectingpoint kernel: ACPI: SLIC 0x000000007BAB1000 000024 (v01 DELL   PE_SC3   00000001 DELL 00000001)
Aug 28 15:14:25 connectingpoint kernel: ACPI: HPET 0x000000007BAAF000 000038 (v01 DELL   PE_SC3   00000001 DELL 00000001)
Aug 28 15:14:25 connectingpoint kernel: ACPI: APIC 0x000000007BAAE000 000AFC (v02 DELL   PE_SC3   00000000 DELL 00000001)
Aug 28 15:14:25 connectingpoint kernel: ACPI: MCFG 0x000000007BAAD000 00003C (v01 DELL   PE_SC3   00000001 DELL 00000001)
Aug 28 15:14:25 connectingpoint kernel: ACPI: MSCT 0x000000007BAAC000 000090 (v01 DELL   PE_SC3   00000001 DELL 00000001)
Aug 28 15:14:25 connectingpoint kernel: ACPI: SLIT 0x000000007BAAB000 00006C (v01 DELL   PE_SC3   00000001 DELL 00000001)
Aug 28 15:14:25 connectingpoint kernel: ACPI: SRAT 0x000000007BAA9000 001130 (v03 DELL   PE_SC3   00000001 DELL 00000001)
Aug 28 15:14:25 connectingpoint kernel: ACPI: SSDT 0x000000007B955000 1424A9 (v02 DELL   PE_SC3   00004000 INTL 20121114)
Aug 28 15:14:25 connectingpoint kernel: ACPI: SSDT 0x000000007B952000 00217F (v02 DELL   PE_SC3   00000002 INTL 20121114)
Aug 28 15:14:25 connectingpoint kernel: ACPI: SSDT 0x000000007B951000 00006E (v02 DELL   PE_SC3   00000002 INTL 20121114)
Aug 28 15:14:25 connectingpoint kernel: ACPI: PRAD 0x000000007B950000 000132 (v02 DELL   PE_SC3   00000002 INTL 20121114)
Aug 28 15:14:25 connectingpoint kernel: ACPI: DMAR 0x000000007BAFE000 0000F8 (v01 DELL   PE_SC3   00000001 DELL 00000001)
Aug 28 15:14:25 connectingpoint kernel: ACPI: HEST 0x000000007BAFD000 00017C (v01 DELL   PE_SC3   00000002 DELL 00000001)
Aug 28 15:14:25 connectingpoint kernel: ACPI: BERT 0x000000007BAFC000 000030 (v01 DELL   PE_SC3   00000002 DELL 00000001)
Aug 28 15:14:25 connectingpoint kernel: ACPI: ERST 0x000000007BAFB000 000230 (v01 DELL   PE_SC3   00000002 DELL 00000001)
Aug 28 15:14:25 connectingpoint kernel: ACPI: EINJ 0x000000007BAFA000 000150 (v01 DELL   PE_SC3   00000002 DELL 00000001)
Aug 28 15:14:25 connectingpoint kernel: ACPI: Reserving FACP table memory at [mem 0x7bab0000-0x7bab00f3]
Aug 28 15:14:25 connectingpoint kernel: ACPI: Reserving DSDT table memory at [mem 0x7ba98000-0x7baa8f67]
Aug 28 15:14:25 connectingpoint kernel: ACPI: Reserving FACS table memory at [mem 0x7b8c3000-0x7b8c303f]
Aug 28 15:14:25 connectingpoint kernel: ACPI: Reserving MCEJ table memory at [mem 0x7bab3000-0x7bab312f]
Aug 28 15:14:25 connectingpoint kernel: ACPI: Reserving WD__ table memory at [mem 0x7bab2000-0x7bab2133]
Aug 28 15:14:25 connectingpoint kernel: ACPI: Reserving SLIC table memory at [mem 0x7bab1000-0x7bab1023]
Aug 28 15:14:25 connectingpoint kernel: ACPI: Reserving HPET table memory at [mem 0x7baaf000-0x7baaf037]
Aug 28 15:14:25 connectingpoint kernel: ACPI: Reserving APIC table memory at [mem 0x7baae000-0x7baaeafb]
Aug 28 15:14:25 connectingpoint kernel: ACPI: Reserving MCFG table memory at [mem 0x7baad000-0x7baad03b]
Aug 28 15:14:25 connectingpoint kernel: ACPI: Reserving MSCT table memory at [mem 0x7baac000-0x7baac08f]
Aug 28 15:14:25 connectingpoint kernel: ACPI: Reserving SLIT table memory at [mem 0x7baab000-0x7baab06b]
Aug 28 15:14:25 connectingpoint kernel: ACPI: Reserving SRAT table memory at [mem 0x7baa9000-0x7baaa12f]
Aug 28 15:14:25 connectingpoint kernel: ACPI: Reserving SSDT table memory at [mem 0x7b955000-0x7ba974a8]
Aug 28 15:14:25 connectingpoint kernel: ACPI: Reserving SSDT table memory at [mem 0x7b952000-0x7b95417e]
Aug 28 15:14:25 connectingpoint kernel: ACPI: Reserving SSDT table memory at [mem 0x7b951000-0x7b95106d]
Aug 28 15:14:25 connectingpoint kernel: ACPI: Reserving PRAD table memory at [mem 0x7b950000-0x7b950131]
Aug 28 15:14:25 connectingpoint kernel: ACPI: Reserving DMAR table memory at [mem 0x7bafe000-0x7bafe0f7]
Aug 28 15:14:25 connectingpoint kernel: ACPI: Reserving HEST table memory at [mem 0x7bafd000-0x7bafd17b]
Aug 28 15:14:25 connectingpoint kernel: ACPI: Reserving BERT table memory at [mem 0x7bafc000-0x7bafc02f]
Aug 28 15:14:25 connectingpoint kernel: ACPI: Reserving ERST table memory at [mem 0x7bafb000-0x7bafb22f]
Aug 28 15:14:25 connectingpoint kernel: ACPI: Reserving EINJ table memory at [mem 0x7bafa000-0x7bafa14f]
Aug 28 15:14:25 connectingpoint kernel: SRAT: PXM 0 -> APIC 0x00 -> Node 0
Aug 28 15:14:25 connectingpoint kernel: SRAT: PXM 1 -> APIC 0x20 -> Node 1
Aug 28 15:14:25 connectingpoint kernel: SRAT: PXM 0 -> APIC 0x02 -> Node 0
Aug 28 15:14:25 connectingpoint kernel: SRAT: PXM 1 -> APIC 0x22 -> Node 1
Aug 28 15:14:25 connectingpoint kernel: SRAT: PXM 0 -> APIC 0x04 -> Node 0
Aug 28 15:14:25 connectingpoint kernel: SRAT: PXM 1 -> APIC 0x24 -> Node 1
Aug 28 15:14:25 connectingpoint kernel: SRAT: PXM 0 -> APIC 0x06 -> Node 0
Aug 28 15:14:25 connectingpoint kernel: SRAT: PXM 1 -> APIC 0x26 -> Node 1
Aug 28 15:14:25 connectingpoint kernel: SRAT: PXM 0 -> APIC 0x08 -> Node 0
Aug 28 15:14:25 connectingpoint kernel: SRAT: PXM 1 -> APIC 0x28 -> Node 1
Aug 28 15:14:25 connectingpoint kernel: SRAT: PXM 0 -> APIC 0x0a -> Node 0
Aug 28 15:14:25 connectingpoint kernel: SRAT: PXM 1 -> APIC 0x2a -> Node 1
Aug 28 15:14:25 connectingpoint kernel: SRAT: PXM 0 -> APIC 0x0c -> Node 0
Aug 28 15:14:25 connectingpoint kernel: SRAT: PXM 1 -> APIC 0x2c -> Node 1
Aug 28 15:14:25 connectingpoint kernel: SRAT: PXM 0 -> APIC 0x10 -> Node 0
Aug 28 15:14:25 connectingpoint kernel: SRAT: PXM 1 -> APIC 0x30 -> Node 1
Aug 28 15:14:25 connectingpoint kernel: SRAT: PXM 0 -> APIC 0x12 -> Node 0
Aug 28 15:14:25 connectingpoint kernel: SRAT: PXM 1 -> APIC 0x32 -> Node 1
Aug 28 15:14:25 connectingpoint kernel: SRAT: PXM 0 -> APIC 0x14 -> Node 0
Aug 28 15:14:25 connectingpoint kernel: SRAT: PXM 1 -> APIC 0x34 -> Node 1
Aug 28 15:14:25 connectingpoint kernel: SRAT: PXM 0 -> APIC 0x16 -> Node 0
Aug 28 15:14:25 connectingpoint kernel: SRAT: PXM 1 -> APIC 0x36 -> Node 1
Aug 28 15:14:25 connectingpoint kernel: SRAT: PXM 0 -> APIC 0x18 -> Node 0
Aug 28 15:14:25 connectingpoint kernel: SRAT: PXM 1 -> APIC 0x38 -> Node 1
Aug 28 15:14:25 connectingpoint kernel: SRAT: PXM 0 -> APIC 0x1a -> Node 0
Aug 28 15:14:25 connectingpoint kernel: SRAT: PXM 1 -> APIC 0x3a -> Node 1
Aug 28 15:14:25 connectingpoint kernel: SRAT: PXM 0 -> APIC 0x1c -> Node 0
Aug 28 15:14:25 connectingpoint kernel: SRAT: PXM 1 -> APIC 0x3c -> Node 1
Aug 28 15:14:25 connectingpoint kernel: SRAT: PXM 0 -> APIC 0x01 -> Node 0
Aug 28 15:14:25 connectingpoint kernel: SRAT: PXM 1 -> APIC 0x21 -> Node 1
Aug 28 15:14:25 connectingpoint kernel: SRAT: PXM 0 -> APIC 0x03 -> Node 0
Aug 28 15:14:25 connectingpoint kernel: SRAT: PXM 1 -> APIC 0x23 -> Node 1
Aug 28 15:14:25 connectingpoint kernel: SRAT: PXM 0 -> APIC 0x05 -> Node 0
Aug 28 15:14:25 connectingpoint kernel: SRAT: PXM 1 -> APIC 0x25 -> Node 1
Aug 28 15:14:25 connectingpoint kernel: SRAT: PXM 0 -> APIC 0x07 -> Node 0
Aug 28 15:14:25 connectingpoint kernel: SRAT: PXM 1 -> APIC 0x27 -> Node 1
Aug 28 15:14:25 connectingpoint kernel: SRAT: PXM 0 -> APIC 0x09 -> Node 0
Aug 28 15:14:25 connectingpoint kernel: SRAT: PXM 1 -> APIC 0x29 -> Node 1
Aug 28 15:14:25 connectingpoint kernel: SRAT: PXM 0 -> APIC 0x0b -> Node 0
Aug 28 15:14:25 connectingpoint kernel: SRAT: PXM 1 -> APIC 0x2b -> Node 1
Aug 28 15:14:25 connectingpoint kernel: SRAT: PXM 0 -> APIC 0x0d -> Node 0
Aug 28 15:14:25 connectingpoint kernel: SRAT: PXM 1 -> APIC 0x2d -> Node 1
Aug 28 15:14:25 connectingpoint kernel: SRAT: PXM 0 -> APIC 0x11 -> Node 0
Aug 28 15:14:25 connectingpoint kernel: SRAT: PXM 1 -> APIC 0x31 -> Node 1
Aug 28 15:14:25 connectingpoint kernel: SRAT: PXM 0 -> APIC 0x13 -> Node 0
Aug 28 15:14:25 connectingpoint kernel: SRAT: PXM 1 -> APIC 0x33 -> Node 1
Aug 28 15:14:25 connectingpoint kernel: SRAT: PXM 0 -> APIC 0x15 -> Node 0
Aug 28 15:14:25 connectingpoint kernel: SRAT: PXM 1 -> APIC 0x35 -> Node 1
Aug 28 15:14:25 connectingpoint kernel: SRAT: PXM 0 -> APIC 0x17 -> Node 0
Aug 28 15:14:25 connectingpoint kernel: SRAT: PXM 1 -> APIC 0x37 -> Node 1
Aug 28 15:14:25 connectingpoint kernel: SRAT: PXM 0 -> APIC 0x19 -> Node 0
Aug 28 15:14:25 connectingpoint kernel: SRAT: PXM 1 -> APIC 0x39 -> Node 1
Aug 28 15:14:25 connectingpoint kernel: SRAT: PXM 0 -> APIC 0x1b -> Node 0
Aug 28 15:14:25 connectingpoint kernel: SRAT: PXM 1 -> APIC 0x3b -> Node 1
Aug 28 15:14:25 connectingpoint kernel: SRAT: PXM 0 -> APIC 0x1d -> Node 0
Aug 28 15:14:25 connectingpoint kernel: SRAT: PXM 1 -> APIC 0x3d -> Node 1
Aug 28 15:14:25 connectingpoint kernel: ACPI: SRAT: Node 0 PXM 0 [mem 0x00000000-0x87fffffff]
Aug 28 15:14:25 connectingpoint kernel: ACPI: SRAT: Node 1 PXM 1 [mem 0x880000000-0x107fffffff]
Aug 28 15:14:25 connectingpoint kernel: NUMA: Initialized distance table, cnt=2
Aug 28 15:14:25 connectingpoint kernel: NODE_DATA(0) allocated [mem 0x87ffd5000-0x87fffffff]
Aug 28 15:14:25 connectingpoint kernel: NODE_DATA(1) allocated [mem 0x107ffd4000-0x107fffefff]
Aug 28 15:14:25 connectingpoint kernel: Zone ranges:
Aug 28 15:14:25 connectingpoint kernel:   DMA      [mem 0x0000000000001000-0x0000000000ffffff]
Aug 28 15:14:25 connectingpoint kernel:   DMA32    [mem 0x0000000001000000-0x00000000ffffffff]
Aug 28 15:14:25 connectingpoint kernel:   Normal   [mem 0x0000000100000000-0x000000107fffffff]
Aug 28 15:14:25 connectingpoint kernel:   Device   empty
Aug 28 15:14:25 connectingpoint kernel: Movable zone start for each node
Aug 28 15:14:25 connectingpoint kernel: Early memory node ranges
Aug 28 15:14:25 connectingpoint kernel:   node   0: [mem 0x0000000000001000-0x000000000009ffff]
Aug 28 15:14:25 connectingpoint kernel:   node   0: [mem 0x0000000000100000-0x000000007a088fff]
Aug 28 15:14:25 connectingpoint kernel:   node   0: [mem 0x000000007bab6000-0x000000007bae8fff]
Aug 28 15:14:25 connectingpoint kernel:   node   0: [mem 0x000000007baff000-0x000000007bafffff]
Aug 28 15:14:25 connectingpoint kernel:   node   0: [mem 0x0000000100000000-0x000000087fffffff]
Aug 28 15:14:25 connectingpoint kernel:   node   1: [mem 0x0000000880000000-0x000000107fffffff]
Aug 28 15:14:25 connectingpoint kernel: Initmem setup node 0 [mem 0x0000000000001000-0x000000087fffffff]
Aug 28 15:14:25 connectingpoint kernel: Initmem setup node 1 [mem 0x0000000880000000-0x000000107fffffff]
Aug 28 15:14:25 connectingpoint kernel: On node 0, zone DMA: 1 pages in unavailable ranges
Aug 28 15:14:25 connectingpoint kernel: On node 0, zone DMA: 96 pages in unavailable ranges
Aug 28 15:14:25 connectingpoint kernel: On node 0, zone DMA32: 6701 pages in unavailable ranges
Aug 28 15:14:25 connectingpoint kernel: On node 0, zone DMA32: 22 pages in unavailable ranges
Aug 28 15:14:25 connectingpoint kernel: On node 0, zone Normal: 17664 pages in unavailable ranges
Aug 28 15:14:25 connectingpoint kernel: ACPI: PM-Timer IO Port: 0x408
Aug 28 15:14:25 connectingpoint kernel: ACPI: LAPIC_NMI (acpi_id[0x00] high level lint[0x1])
Aug 28 15:14:25 connectingpoint kernel: ACPI: LAPIC_NMI (acpi_id[0x01] high level lint[0x1])
Aug 28 15:14:25 connectingpoint kernel: ACPI: LAPIC_NMI (acpi_id[0x02] high level lint[0x1])
Aug 28 15:14:25 connectingpoint kernel: ACPI: LAPIC_NMI (acpi_id[0x03] high level lint[0x1])
Aug 28 15:14:25 connectingpoint kernel: ACPI: LAPIC_NMI (acpi_id[0x04] high level lint[0x1])
Aug 28 15:14:25 connectingpoint kernel: ACPI: LAPIC_NMI (acpi_id[0x05] high level lint[0x1])
Aug 28 15:14:25 connectingpoint kernel: ACPI: LAPIC_NMI (acpi_id[0x06] high level lint[0x1])
Aug 28 15:14:25 connectingpoint kernel: ACPI: LAPIC_NMI (acpi_id[0x07] high level lint[0x1])
Aug 28 15:14:25 connectingpoint kernel: ACPI: LAPIC_NMI (acpi_id[0x08] high level lint[0x1])
Aug 28 15:14:25 connectingpoint kernel: ACPI: LAPIC_NMI (acpi_id[0x09] high level lint[0x1])
Aug 28 15:14:25 connectingpoint kernel: ACPI: LAPIC_NMI (acpi_id[0x0a] high level lint[0x1])
Aug 28 15:14:25 connectingpoint kernel: ACPI: LAPIC_NMI (acpi_id[0x0b] high level lint[0x1])
Aug 28 15:14:25 connectingpoint kernel: ACPI: LAPIC_NMI (acpi_id[0x0c] high level lint[0x1])
Aug 28 15:14:25 connectingpoint kernel: ACPI: LAPIC_NMI (acpi_id[0x0d] high level lint[0x1])
Aug 28 15:14:25 connectingpoint kernel: ACPI: LAPIC_NMI (acpi_id[0x0e] high level lint[0x1])
Aug 28 15:14:25 connectingpoint kernel: ACPI: LAPIC_NMI (acpi_id[0x0f] high level lint[0x1])
Aug 28 15:14:25 connectingpoint kernel: ACPI: LAPIC_NMI (acpi_id[0x10] high level lint[0x1])
Aug 28 15:14:25 connectingpoint kernel: ACPI: LAPIC_NMI (acpi_id[0x11] high level lint[0x1])
Aug 28 15:14:25 connectingpoint kernel: ACPI: LAPIC_NMI (acpi_id[0x12] high level lint[0x1])
Aug 28 15:14:25 connectingpoint kernel: ACPI: LAPIC_NMI (acpi_id[0x13] high level lint[0x1])
Aug 28 15:14:25 connectingpoint kernel: ACPI: LAPIC_NMI (acpi_id[0x14] high level lint[0x1])
Aug 28 15:14:25 connectingpoint kernel: ACPI: LAPIC_NMI (acpi_id[0x15] high level lint[0x1])
Aug 28 15:14:25 connectingpoint kernel: ACPI: LAPIC_NMI (acpi_id[0x16] high level lint[0x1])
Aug 28 15:14:25 connectingpoint kernel: ACPI: LAPIC_NMI (acpi_id[0x17] high level lint[0x1])
Aug 28 15:14:25 connectingpoint kernel: ACPI: LAPIC_NMI (acpi_id[0x18] high level lint[0x1])
Aug 28 15:14:25 connectingpoint kernel: ACPI: LAPIC_NMI (acpi_id[0x19] high level lint[0x1])
Aug 28 15:14:25 connectingpoint kernel: ACPI: LAPIC_NMI (acpi_id[0x1a] high level lint[0x1])
Aug 28 15:14:25 connectingpoint kernel: ACPI: LAPIC_NMI (acpi_id[0x1b] high level lint[0x1])
Aug 28 15:14:25 connectingpoint kernel: ACPI: LAPIC_NMI (acpi_id[0x1c] high level lint[0x1])
Aug 28 15:14:25 connectingpoint kernel: ACPI: LAPIC_NMI (acpi_id[0x1d] high level lint[0x1])
Aug 28 15:14:25 connectingpoint kernel: ACPI: LAPIC_NMI (acpi_id[0x1e] high level lint[0x1])
Aug 28 15:14:25 connectingpoint kernel: ACPI: LAPIC_NMI (acpi_id[0x1f] high level lint[0x1])
Aug 28 15:14:25 connectingpoint kernel: ACPI: LAPIC_NMI (acpi_id[0x20] high level lint[0x1])
Aug 28 15:14:25 connectingpoint kernel: ACPI: LAPIC_NMI (acpi_id[0x21] high level lint[0x1])
Aug 28 15:14:25 connectingpoint kernel: ACPI: LAPIC_NMI (acpi_id[0x22] high level lint[0x1])
Aug 28 15:14:25 connectingpoint kernel: ACPI: LAPIC_NMI (acpi_id[0x23] high level lint[0x1])
Aug 28 15:14:25 connectingpoint kernel: ACPI: LAPIC_NMI (acpi_id[0x24] high level lint[0x1])
Aug 28 15:14:25 connectingpoint kernel: ACPI: LAPIC_NMI (acpi_id[0x25] high level lint[0x1])
Aug 28 15:14:25 connectingpoint kernel: ACPI: LAPIC_NMI (acpi_id[0x26] high level lint[0x1])
Aug 28 15:14:25 connectingpoint kernel: ACPI: LAPIC_NMI (acpi_id[0x27] high level lint[0x1])
Aug 28 15:14:25 connectingpoint kernel: ACPI: LAPIC_NMI (acpi_id[0x28] high level lint[0x1])
Aug 28 15:14:25 connectingpoint kernel: ACPI: LAPIC_NMI (acpi_id[0x29] high level lint[0x1])
Aug 28 15:14:25 connectingpoint kernel: ACPI: LAPIC_NMI (acpi_id[0x2a] high level lint[0x1])
Aug 28 15:14:25 connectingpoint kernel: ACPI: LAPIC_NMI (acpi_id[0x2b] high level lint[0x1])
Aug 28 15:14:25 connectingpoint kernel: ACPI: LAPIC_NMI (acpi_id[0x2c] high level lint[0x1])
Aug 28 15:14:25 connectingpoint kernel: ACPI: LAPIC_NMI (acpi_id[0x2d] high level lint[0x1])
Aug 28 15:14:25 connectingpoint kernel: ACPI: LAPIC_NMI (acpi_id[0x2e] high level lint[0x1])
Aug 28 15:14:25 connectingpoint kernel: ACPI: LAPIC_NMI (acpi_id[0x2f] high level lint[0x1])
Aug 28 15:14:25 connectingpoint kernel: ACPI: LAPIC_NMI (acpi_id[0x30] high level lint[0x1])
Aug 28 15:14:25 connectingpoint kernel: ACPI: LAPIC_NMI (acpi_id[0x31] high level lint[0x1])
Aug 28 15:14:25 connectingpoint kernel: ACPI: LAPIC_NMI (acpi_id[0x32] high level lint[0x1])
Aug 28 15:14:25 connectingpoint kernel: ACPI: LAPIC_NMI (acpi_id[0x33] high level lint[0x1])
Aug 28 15:14:25 connectingpoint kernel: ACPI: LAPIC_NMI (acpi_id[0x34] high level lint[0x1])
Aug 28 15:14:25 connectingpoint kernel: ACPI: LAPIC_NMI (acpi_id[0x35] high level lint[0x1])
Aug 28 15:14:25 connectingpoint kernel: ACPI: LAPIC_NMI (acpi_id[0x36] high level lint[0x1])
Aug 28 15:14:25 connectingpoint kernel: ACPI: LAPIC_NMI (acpi_id[0x37] high level lint[0x1])
Aug 28 15:14:25 connectingpoint kernel: ACPI: LAPIC_NMI (acpi_id[0x38] high level lint[0x1])
Aug 28 15:14:25 connectingpoint kernel: ACPI: LAPIC_NMI (acpi_id[0x39] high level lint[0x1])
Aug 28 15:14:25 connectingpoint kernel: ACPI: LAPIC_NMI (acpi_id[0x3a] high level lint[0x1])
Aug 28 15:14:25 connectingpoint kernel: ACPI: LAPIC_NMI (acpi_id[0x3b] high level lint[0x1])
Aug 28 15:14:25 connectingpoint kernel: ACPI: LAPIC_NMI (acpi_id[0x3c] high level lint[0x1])
Aug 28 15:14:25 connectingpoint kernel: ACPI: LAPIC_NMI (acpi_id[0x3d] high level lint[0x1])
Aug 28 15:14:25 connectingpoint kernel: ACPI: LAPIC_NMI (acpi_id[0x3e] high level lint[0x1])
Aug 28 15:14:25 connectingpoint kernel: ACPI: LAPIC_NMI (acpi_id[0x3f] high level lint[0x1])
Aug 28 15:14:25 connectingpoint kernel: ACPI: LAPIC_NMI (acpi_id[0x40] high level lint[0x1])
Aug 28 15:14:25 connectingpoint kernel: ACPI: LAPIC_NMI (acpi_id[0x41] high level lint[0x1])
Aug 28 15:14:25 connectingpoint kernel: ACPI: LAPIC_NMI (acpi_id[0x42] high level lint[0x1])
Aug 28 15:14:25 connectingpoint kernel: ACPI: LAPIC_NMI (acpi_id[0x43] high level lint[0x1])
Aug 28 15:14:25 connectingpoint kernel: ACPI: LAPIC_NMI (acpi_id[0x44] high level lint[0x1])
Aug 28 15:14:25 connectingpoint kernel: ACPI: LAPIC_NMI (acpi_id[0x45] high level lint[0x1])
Aug 28 15:14:25 connectingpoint kernel: ACPI: LAPIC_NMI (acpi_id[0x46] high level lint[0x1])
Aug 28 15:14:25 connectingpoint kernel: ACPI: LAPIC_NMI (acpi_id[0x47] high level lint[0x1])
Aug 28 15:14:25 connectingpoint kernel: ACPI: LAPIC_NMI (acpi_id[0x48] high level lint[0x1])
Aug 28 15:14:25 connectingpoint kernel: ACPI: LAPIC_NMI (acpi_id[0x49] high level lint[0x1])
Aug 28 15:14:25 connectingpoint kernel: ACPI: LAPIC_NMI (acpi_id[0x4a] high level lint[0x1])
Aug 28 15:14:25 connectingpoint kernel: ACPI: LAPIC_NMI (acpi_id[0x4b] high level lint[0x1])
Aug 28 15:14:25 connectingpoint kernel: ACPI: LAPIC_NMI (acpi_id[0x4c] high level lint[0x1])
Aug 28 15:14:25 connectingpoint kernel: ACPI: LAPIC_NMI (acpi_id[0x4d] high level lint[0x1])
Aug 28 15:14:25 connectingpoint kernel: ACPI: LAPIC_NMI (acpi_id[0x4e] high level lint[0x1])
Aug 28 15:14:25 connectingpoint kernel: ACPI: LAPIC_NMI (acpi_id[0x4f] high level lint[0x1])
Aug 28 15:14:25 connectingpoint kernel: ACPI: LAPIC_NMI (acpi_id[0x50] high level lint[0x1])
Aug 28 15:14:25 connectingpoint kernel: ACPI: LAPIC_NMI (acpi_id[0x51] high level lint[0x1])
Aug 28 15:14:25 connectingpoint kernel: ACPI: LAPIC_NMI (acpi_id[0x52] high level lint[0x1])
Aug 28 15:14:25 connectingpoint kernel: ACPI: LAPIC_NMI (acpi_id[0x53] high level lint[0x1])
Aug 28 15:14:25 connectingpoint kernel: ACPI: LAPIC_NMI (acpi_id[0x54] high level lint[0x1])
Aug 28 15:14:25 connectingpoint kernel: ACPI: LAPIC_NMI (acpi_id[0x55] high level lint[0x1])
Aug 28 15:14:25 connectingpoint kernel: ACPI: LAPIC_NMI (acpi_id[0x56] high level lint[0x1])
Aug 28 15:14:25 connectingpoint kernel: ACPI: LAPIC_NMI (acpi_id[0x57] high level lint[0x1])
Aug 28 15:14:25 connectingpoint kernel: ACPI: LAPIC_NMI (acpi_id[0x58] high level lint[0x1])
Aug 28 15:14:25 connectingpoint kernel: ACPI: LAPIC_NMI (acpi_id[0x59] high level lint[0x1])
Aug 28 15:14:25 connectingpoint kernel: ACPI: LAPIC_NMI (acpi_id[0x5a] high level lint[0x1])
Aug 28 15:14:25 connectingpoint kernel: ACPI: LAPIC_NMI (acpi_id[0x5b] high level lint[0x1])
Aug 28 15:14:25 connectingpoint kernel: ACPI: LAPIC_NMI (acpi_id[0x5c] high level lint[0x1])
Aug 28 15:14:25 connectingpoint kernel: ACPI: LAPIC_NMI (acpi_id[0x5d] high level lint[0x1])
Aug 28 15:14:25 connectingpoint kernel: ACPI: LAPIC_NMI (acpi_id[0x5e] high level lint[0x1])
Aug 28 15:14:25 connectingpoint kernel: ACPI: LAPIC_NMI (acpi_id[0x5f] high level lint[0x1])
Aug 28 15:14:25 connectingpoint kernel: ACPI: LAPIC_NMI (acpi_id[0x60] high level lint[0x1])
Aug 28 15:14:25 connectingpoint kernel: ACPI: LAPIC_NMI (acpi_id[0x61] high level lint[0x1])
Aug 28 15:14:25 connectingpoint kernel: ACPI: LAPIC_NMI (acpi_id[0x62] high level lint[0x1])
Aug 28 15:14:25 connectingpoint kernel: ACPI: LAPIC_NMI (acpi_id[0x63] high level lint[0x1])
Aug 28 15:14:25 connectingpoint kernel: ACPI: LAPIC_NMI (acpi_id[0x64] high level lint[0x1])
Aug 28 15:14:25 connectingpoint kernel: ACPI: LAPIC_NMI (acpi_id[0x65] high level lint[0x1])
Aug 28 15:14:25 connectingpoint kernel: ACPI: LAPIC_NMI (acpi_id[0x66] high level lint[0x1])
Aug 28 15:14:25 connectingpoint kernel: ACPI: LAPIC_NMI (acpi_id[0x67] high level lint[0x1])
Aug 28 15:14:25 connectingpoint kernel: ACPI: LAPIC_NMI (acpi_id[0x68] high level lint[0x1])
Aug 28 15:14:25 connectingpoint kernel: ACPI: LAPIC_NMI (acpi_id[0x69] high level lint[0x1])
Aug 28 15:14:25 connectingpoint kernel: ACPI: LAPIC_NMI (acpi_id[0x6a] high level lint[0x1])
Aug 28 15:14:25 connectingpoint kernel: ACPI: LAPIC_NMI (acpi_id[0x6b] high level lint[0x1])
Aug 28 15:14:25 connectingpoint kernel: ACPI: LAPIC_NMI (acpi_id[0x6c] high level lint[0x1])
Aug 28 15:14:25 connectingpoint kernel: ACPI: LAPIC_NMI (acpi_id[0x6d] high level lint[0x1])
Aug 28 15:14:25 connectingpoint kernel: ACPI: LAPIC_NMI (acpi_id[0x6e] high level lint[0x1])
Aug 28 15:14:25 connectingpoint kernel: ACPI: LAPIC_NMI (acpi_id[0x6f] high level lint[0x1])
Aug 28 15:14:25 connectingpoint kernel: ACPI: LAPIC_NMI (acpi_id[0x70] high level lint[0x1])
Aug 28 15:14:25 connectingpoint kernel: ACPI: LAPIC_NMI (acpi_id[0x71] high level lint[0x1])
Aug 28 15:14:25 connectingpoint kernel: ACPI: LAPIC_NMI (acpi_id[0x72] high level lint[0x1])
Aug 28 15:14:25 connectingpoint kernel: ACPI: LAPIC_NMI (acpi_id[0x73] high level lint[0x1])
Aug 28 15:14:25 connectingpoint kernel: ACPI: LAPIC_NMI (acpi_id[0x74] high level lint[0x1])
Aug 28 15:14:25 connectingpoint kernel: ACPI: LAPIC_NMI (acpi_id[0x75] high level lint[0x1])
Aug 28 15:14:25 connectingpoint kernel: ACPI: LAPIC_NMI (acpi_id[0x76] high level lint[0x1])
Aug 28 15:14:25 connectingpoint kernel: ACPI: LAPIC_NMI (acpi_id[0x77] high level lint[0x1])
Aug 28 15:14:25 connectingpoint kernel: ACPI: LAPIC_NMI (acpi_id[0x78] high level lint[0x1])
Aug 28 15:14:25 connectingpoint kernel: ACPI: LAPIC_NMI (acpi_id[0x79] high level lint[0x1])
Aug 28 15:14:25 connectingpoint kernel: ACPI: LAPIC_NMI (acpi_id[0x7a] high level lint[0x1])
Aug 28 15:14:25 connectingpoint kernel: ACPI: LAPIC_NMI (acpi_id[0x7b] high level lint[0x1])
Aug 28 15:14:25 connectingpoint kernel: ACPI: LAPIC_NMI (acpi_id[0x7c] high level lint[0x1])
Aug 28 15:14:25 connectingpoint kernel: ACPI: LAPIC_NMI (acpi_id[0x7d] high level lint[0x1])
Aug 28 15:14:25 connectingpoint kernel: ACPI: LAPIC_NMI (acpi_id[0x7e] high level lint[0x1])
Aug 28 15:14:25 connectingpoint kernel: ACPI: LAPIC_NMI (acpi_id[0x7f] high level lint[0x1])
Aug 28 15:14:25 connectingpoint kernel: ACPI: LAPIC_NMI (acpi_id[0x80] high level lint[0x1])
Aug 28 15:14:25 connectingpoint kernel: ACPI: LAPIC_NMI (acpi_id[0x81] high level lint[0x1])
Aug 28 15:14:25 connectingpoint kernel: ACPI: LAPIC_NMI (acpi_id[0x82] high level lint[0x1])
Aug 28 15:14:25 connectingpoint kernel: ACPI: LAPIC_NMI (acpi_id[0x83] high level lint[0x1])
Aug 28 15:14:25 connectingpoint kernel: ACPI: LAPIC_NMI (acpi_id[0x84] high level lint[0x1])
Aug 28 15:14:25 connectingpoint kernel: ACPI: LAPIC_NMI (acpi_id[0x85] high level lint[0x1])
Aug 28 15:14:25 connectingpoint kernel: ACPI: LAPIC_NMI (acpi_id[0x86] high level lint[0x1])
Aug 28 15:14:25 connectingpoint kernel: ACPI: LAPIC_NMI (acpi_id[0x87] high level lint[0x1])
Aug 28 15:14:25 connectingpoint kernel: ACPI: LAPIC_NMI (acpi_id[0x88] high level lint[0x1])
Aug 28 15:14:25 connectingpoint kernel: ACPI: LAPIC_NMI (acpi_id[0x89] high level lint[0x1])
Aug 28 15:14:25 connectingpoint kernel: ACPI: LAPIC_NMI (acpi_id[0x8a] high level lint[0x1])
Aug 28 15:14:25 connectingpoint kernel: ACPI: LAPIC_NMI (acpi_id[0x8b] high level lint[0x1])
Aug 28 15:14:25 connectingpoint kernel: ACPI: LAPIC_NMI (acpi_id[0x8c] high level lint[0x1])
Aug 28 15:14:25 connectingpoint kernel: ACPI: LAPIC_NMI (acpi_id[0x8d] high level lint[0x1])
Aug 28 15:14:25 connectingpoint kernel: ACPI: LAPIC_NMI (acpi_id[0x8e] high level lint[0x1])
Aug 28 15:14:25 connectingpoint kernel: ACPI: LAPIC_NMI (acpi_id[0x8f] high level lint[0x1])
Aug 28 15:14:25 connectingpoint kernel: ACPI: LAPIC_NMI (acpi_id[0x90] high level lint[0x1])
Aug 28 15:14:25 connectingpoint kernel: ACPI: LAPIC_NMI (acpi_id[0x91] high level lint[0x1])
Aug 28 15:14:25 connectingpoint kernel: ACPI: LAPIC_NMI (acpi_id[0x92] high level lint[0x1])
Aug 28 15:14:25 connectingpoint kernel: ACPI: LAPIC_NMI (acpi_id[0x93] high level lint[0x1])
Aug 28 15:14:25 connectingpoint kernel: ACPI: LAPIC_NMI (acpi_id[0x94] high level lint[0x1])
Aug 28 15:14:25 connectingpoint kernel: ACPI: LAPIC_NMI (acpi_id[0x95] high level lint[0x1])
Aug 28 15:14:25 connectingpoint kernel: ACPI: LAPIC_NMI (acpi_id[0x96] high level lint[0x1])
Aug 28 15:14:25 connectingpoint kernel: ACPI: LAPIC_NMI (acpi_id[0x97] high level lint[0x1])
Aug 28 15:14:25 connectingpoint kernel: ACPI: LAPIC_NMI (acpi_id[0x98] high level lint[0x1])
Aug 28 15:14:25 connectingpoint kernel: ACPI: LAPIC_NMI (acpi_id[0x99] high level lint[0x1])
Aug 28 15:14:25 connectingpoint kernel: ACPI: LAPIC_NMI (acpi_id[0x9a] high level lint[0x1])
Aug 28 15:14:25 connectingpoint kernel: ACPI: LAPIC_NMI (acpi_id[0x9b] high level lint[0x1])
Aug 28 15:14:25 connectingpoint kernel: ACPI: LAPIC_NMI (acpi_id[0x9c] high level lint[0x1])
Aug 28 15:14:25 connectingpoint kernel: ACPI: LAPIC_NMI (acpi_id[0x9d] high level lint[0x1])
Aug 28 15:14:25 connectingpoint kernel: ACPI: LAPIC_NMI (acpi_id[0x9e] high level lint[0x1])
Aug 28 15:14:25 connectingpoint kernel: ACPI: LAPIC_NMI (acpi_id[0x9f] high level lint[0x1])
Aug 28 15:14:25 connectingpoint kernel: ACPI: LAPIC_NMI (acpi_id[0xa0] high level lint[0x1])
Aug 28 15:14:25 connectingpoint kernel: ACPI: LAPIC_NMI (acpi_id[0xa1] high level lint[0x1])
Aug 28 15:14:25 connectingpoint kernel: ACPI: LAPIC_NMI (acpi_id[0xa2] high level lint[0x1])
Aug 28 15:14:25 connectingpoint kernel: ACPI: LAPIC_NMI (acpi_id[0xa3] high level lint[0x1])
Aug 28 15:14:25 connectingpoint kernel: ACPI: LAPIC_NMI (acpi_id[0xa4] high level lint[0x1])
Aug 28 15:14:25 connectingpoint kernel: ACPI: LAPIC_NMI (acpi_id[0xa5] high level lint[0x1])
Aug 28 15:14:25 connectingpoint kernel: ACPI: LAPIC_NMI (acpi_id[0xa6] high level lint[0x1])
Aug 28 15:14:25 connectingpoint kernel: ACPI: LAPIC_NMI (acpi_id[0xa7] high level lint[0x1])
Aug 28 15:14:25 connectingpoint kernel: ACPI: LAPIC_NMI (acpi_id[0xa8] high level lint[0x1])
Aug 28 15:14:25 connectingpoint kernel: ACPI: LAPIC_NMI (acpi_id[0xa9] high level lint[0x1])
Aug 28 15:14:25 connectingpoint kernel: ACPI: LAPIC_NMI (acpi_id[0xaa] high level lint[0x1])
Aug 28 15:14:25 connectingpoint kernel: ACPI: LAPIC_NMI (acpi_id[0xab] high level lint[0x1])
Aug 28 15:14:25 connectingpoint kernel: ACPI: LAPIC_NMI (acpi_id[0xac] high level lint[0x1])
Aug 28 15:14:25 connectingpoint kernel: ACPI: LAPIC_NMI (acpi_id[0xad] high level lint[0x1])
Aug 28 15:14:25 connectingpoint kernel: ACPI: LAPIC_NMI (acpi_id[0xae] high level lint[0x1])
Aug 28 15:14:25 connectingpoint kernel: ACPI: LAPIC_NMI (acpi_id[0xaf] high level lint[0x1])
Aug 28 15:14:25 connectingpoint kernel: ACPI: LAPIC_NMI (acpi_id[0xb0] high level lint[0x1])
Aug 28 15:14:25 connectingpoint kernel: ACPI: LAPIC_NMI (acpi_id[0xb1] high level lint[0x1])
Aug 28 15:14:25 connectingpoint kernel: ACPI: LAPIC_NMI (acpi_id[0xb2] high level lint[0x1])
Aug 28 15:14:25 connectingpoint kernel: ACPI: LAPIC_NMI (acpi_id[0xb3] high level lint[0x1])
Aug 28 15:14:25 connectingpoint kernel: ACPI: LAPIC_NMI (acpi_id[0xb4] high level lint[0x1])
Aug 28 15:14:25 connectingpoint kernel: ACPI: LAPIC_NMI (acpi_id[0xb5] high level lint[0x1])
Aug 28 15:14:25 connectingpoint kernel: ACPI: LAPIC_NMI (acpi_id[0xb6] high level lint[0x1])
Aug 28 15:14:25 connectingpoint kernel: ACPI: LAPIC_NMI (acpi_id[0xb7] high level lint[0x1])
Aug 28 15:14:25 connectingpoint kernel: ACPI: LAPIC_NMI (acpi_id[0xb8] high level lint[0x1])
Aug 28 15:14:25 connectingpoint kernel: ACPI: LAPIC_NMI (acpi_id[0xb9] high level lint[0x1])
Aug 28 15:14:25 connectingpoint kernel: ACPI: LAPIC_NMI (acpi_id[0xba] high level lint[0x1])
Aug 28 15:14:25 connectingpoint kernel: ACPI: LAPIC_NMI (acpi_id[0xbb] high level lint[0x1])
Aug 28 15:14:25 connectingpoint kernel: ACPI: LAPIC_NMI (acpi_id[0xbc] high level lint[0x1])
Aug 28 15:14:25 connectingpoint kernel: ACPI: LAPIC_NMI (acpi_id[0xbd] high level lint[0x1])
Aug 28 15:14:25 connectingpoint kernel: ACPI: LAPIC_NMI (acpi_id[0xbe] high level lint[0x1])
Aug 28 15:14:25 connectingpoint kernel: ACPI: LAPIC_NMI (acpi_id[0xbf] high level lint[0x1])
Aug 28 15:14:25 connectingpoint kernel: IOAPIC[0]: apic_id 8, version 32, address 0xfec00000, GSI 0-23
Aug 28 15:14:25 connectingpoint kernel: IOAPIC[1]: apic_id 9, version 32, address 0xfec01000, GSI 24-47
Aug 28 15:14:25 connectingpoint kernel: IOAPIC[2]: apic_id 10, version 32, address 0xfec40000, GSI 48-71
Aug 28 15:14:25 connectingpoint kernel: ACPI: INT_SRC_OVR (bus 0 bus_irq 0 global_irq 2 dfl dfl)
Aug 28 15:14:25 connectingpoint kernel: ACPI: INT_SRC_OVR (bus 0 bus_irq 9 global_irq 9 high level)
Aug 28 15:14:25 connectingpoint kernel: ACPI: Using ACPI (MADT) for SMP configuration information
Aug 28 15:14:25 connectingpoint kernel: ACPI: HPET id: 0x8086a701 base: 0xfed00000
Aug 28 15:14:25 connectingpoint kernel: TSC deadline timer available
Aug 28 15:14:25 connectingpoint kernel: smpboot: Allowing 56 CPUs, 0 hotplug CPUs
Aug 28 15:14:25 connectingpoint kernel: PM: hibernation: Registered nosave memory: [mem 0x00000000-0x00000fff]
Aug 28 15:14:25 connectingpoint kernel: PM: hibernation: Registered nosave memory: [mem 0x000a0000-0x000fffff]
Aug 28 15:14:25 connectingpoint kernel: PM: hibernation: Registered nosave memory: [mem 0x71369000-0x71369fff]
Aug 28 15:14:25 connectingpoint kernel: PM: hibernation: Registered nosave memory: [mem 0x713c1000-0x713c1fff]
Aug 28 15:14:25 connectingpoint kernel: PM: hibernation: Registered nosave memory: [mem 0x713c2000-0x713c2fff]
Aug 28 15:14:25 connectingpoint kernel: PM: hibernation: Registered nosave memory: [mem 0x7141a000-0x7141afff]
Aug 28 15:14:25 connectingpoint kernel: PM: hibernation: Registered nosave memory: [mem 0x71a28000-0x71a28fff]
Aug 28 15:14:25 connectingpoint kernel: PM: hibernation: Registered nosave memory: [mem 0x71a80000-0x71a80fff]
Aug 28 15:14:25 connectingpoint kernel: PM: hibernation: Registered nosave memory: [mem 0x71a81000-0x71a81fff]
Aug 28 15:14:25 connectingpoint kernel: PM: hibernation: Registered nosave memory: [mem 0x71ad9000-0x71ad9fff]
Aug 28 15:14:25 connectingpoint kernel: PM: hibernation: Registered nosave memory: [mem 0x71ada000-0x71adafff]
Aug 28 15:14:25 connectingpoint kernel: PM: hibernation: Registered nosave memory: [mem 0x71af2000-0x71af2fff]
Aug 28 15:14:25 connectingpoint kernel: PM: hibernation: Registered nosave memory: [mem 0x734c5000-0x734c5fff]
Aug 28 15:14:25 connectingpoint kernel: PM: hibernation: Registered nosave memory: [mem 0x734cd000-0x734cdfff]
Aug 28 15:14:25 connectingpoint kernel: PM: hibernation: Registered nosave memory: [mem 0x7a089000-0x7af0afff]
Aug 28 15:14:25 connectingpoint kernel: PM: hibernation: Registered nosave memory: [mem 0x7af0b000-0x7b93afff]
Aug 28 15:14:25 connectingpoint kernel: PM: hibernation: Registered nosave memory: [mem 0x7b93b000-0x7bab5fff]
Aug 28 15:14:25 connectingpoint kernel: PM: hibernation: Registered nosave memory: [mem 0x7bae9000-0x7bafefff]
Aug 28 15:14:25 connectingpoint kernel: PM: hibernation: Registered nosave memory: [mem 0x7bb00000-0xfeda7fff]
Aug 28 15:14:25 connectingpoint kernel: PM: hibernation: Registered nosave memory: [mem 0xfeda8000-0xfedabfff]
Aug 28 15:14:25 connectingpoint kernel: PM: hibernation: Registered nosave memory: [mem 0xfedac000-0xffffffff]
Aug 28 15:14:25 connectingpoint kernel: [mem 0x7bb00000-0xfeda7fff] available for PCI devices
Aug 28 15:14:25 connectingpoint kernel: Booting paravirtualized kernel on bare hardware
Aug 28 15:14:25 connectingpoint kernel: clocksource: refined-jiffies: mask: 0xffffffff max_cycles: 0xffffffff, max_idle_ns: 1910969940391419 ns
Aug 28 15:14:25 connectingpoint kernel: setup_percpu: NR_CPUS:8192 nr_cpumask_bits:56 nr_cpu_ids:56 nr_node_ids:2
Aug 28 15:14:25 connectingpoint kernel: percpu: Embedded 86 pages/cpu s229376 r8192 d114688 u524288
Aug 28 15:14:25 connectingpoint kernel: pcpu-alloc: s229376 r8192 d114688 u524288 alloc=1*2097152
Aug 28 15:14:25 connectingpoint kernel: pcpu-alloc: [0] 00 02 04 06 [0] 08 10 12 14 
Aug 28 15:14:25 connectingpoint kernel: pcpu-alloc: [0] 16 18 20 22 [0] 24 26 28 30 
Aug 28 15:14:25 connectingpoint kernel: pcpu-alloc: [0] 32 34 36 38 [0] 40 42 44 46 
Aug 28 15:14:25 connectingpoint kernel: pcpu-alloc: [0] 48 50 52 54 [1] 01 03 05 07 
Aug 28 15:14:25 connectingpoint kernel: pcpu-alloc: [1] 09 11 13 15 [1] 17 19 21 23 
Aug 28 15:14:25 connectingpoint kernel: pcpu-alloc: [1] 25 27 29 31 [1] 33 35 37 39 
Aug 28 15:14:25 connectingpoint kernel: pcpu-alloc: [1] 41 43 45 47 [1] 49 51 53 55 
Aug 28 15:14:25 connectingpoint kernel: Kernel command line: BOOT_IMAGE=/vmlinuz-6.8.0-78-generic root=/dev/mapper/ubuntu--vg-ubuntu--lv ro
Aug 28 15:14:25 connectingpoint kernel: Unknown kernel command line parameters "BOOT_IMAGE=/vmlinuz-6.8.0-78-generic", will be passed to user space.
Aug 28 15:14:25 connectingpoint kernel: random: crng init done
Aug 28 15:14:25 connectingpoint kernel: printk: log_buf_len individual max cpu contribution: 4096 bytes
Aug 28 15:14:25 connectingpoint kernel: printk: log_buf_len total cpu_extra contributions: 225280 bytes
Aug 28 15:14:25 connectingpoint kernel: printk: log_buf_len min size: 262144 bytes
Aug 28 15:14:25 connectingpoint kernel: printk: log_buf_len: 524288 bytes
Aug 28 15:14:25 connectingpoint kernel: printk: early log buf free: 232672(88%)
Aug 28 15:14:25 connectingpoint kernel: Fallback order for Node 0: 0 1 
Aug 28 15:14:25 connectingpoint kernel: Fallback order for Node 1: 1 0 
Aug 28 15:14:25 connectingpoint kernel: Built 2 zonelists, mobility grouping on.  Total pages: 16489786
Aug 28 15:14:25 connectingpoint kernel: Policy zone: Normal
Aug 28 15:14:25 connectingpoint kernel: mem auto-init: stack:all(zero), heap alloc:on, heap free:off
Aug 28 15:14:25 connectingpoint kernel: software IO TLB: area num 64.
Aug 28 15:14:25 connectingpoint kernel: Memory: 65562160K/67010928K available (22528K kernel code, 4443K rwdata, 14380K rodata, 5004K init, 4700K bss, 1448508K reserved, 0K cma-reserved)
Aug 28 15:14:25 connectingpoint kernel: SLUB: HWalign=64, Order=0-3, MinObjects=0, CPUs=56, Nodes=2
Aug 28 15:14:25 connectingpoint kernel: Kernel/User page tables isolation: enabled
Aug 28 15:14:25 connectingpoint kernel: ftrace: allocating 58191 entries in 228 pages
Aug 28 15:14:25 connectingpoint kernel: ftrace: allocated 228 pages with 4 groups
Aug 28 15:14:25 connectingpoint kernel: Dynamic Preempt: voluntary
Aug 28 15:14:25 connectingpoint kernel: rcu: Preemptible hierarchical RCU implementation.
Aug 28 15:14:25 connectingpoint kernel: rcu:         RCU restricting CPUs from NR_CPUS=8192 to nr_cpu_ids=56.
Aug 28 15:14:25 connectingpoint kernel:         Trampoline variant of Tasks RCU enabled.
Aug 28 15:14:25 connectingpoint kernel:         Rude variant of Tasks RCU enabled.
Aug 28 15:14:25 connectingpoint kernel:         Tracing variant of Tasks RCU enabled.
Aug 28 15:14:25 connectingpoint kernel: rcu: RCU calculated value of scheduler-enlistment delay is 100 jiffies.
Aug 28 15:14:25 connectingpoint kernel: rcu: Adjusting geometry for rcu_fanout_leaf=16, nr_cpu_ids=56
Aug 28 15:14:25 connectingpoint kernel: NR_IRQS: 524544, nr_irqs: 1688, preallocated irqs: 16
Aug 28 15:14:25 connectingpoint kernel: rcu: srcu_init: Setting srcu_struct sizes based on contention.
Aug 28 15:14:25 connectingpoint kernel: Console: colour dummy device 80x25
Aug 28 15:14:25 connectingpoint kernel: printk: legacy console [tty0] enabled
Aug 28 15:14:25 connectingpoint kernel: mempolicy: Enabling automatic NUMA balancing. Configure with numa_balancing= or the kernel.numa_balancing sysctl
Aug 28 15:14:25 connectingpoint kernel: ACPI: Core revision 20230628
Aug 28 15:14:25 connectingpoint kernel: clocksource: hpet: mask: 0xffffffff max_cycles: 0xffffffff, max_idle_ns: 133484882848 ns
Aug 28 15:14:25 connectingpoint kernel: APIC: Switch to symmetric I/O mode setup
Aug 28 15:14:25 connectingpoint kernel: DMAR: Host address width 46
Aug 28 15:14:25 connectingpoint kernel: DMAR: DRHD base: 0x000000fbffc000 flags: 0x0
Aug 28 15:14:25 connectingpoint kernel: DMAR: dmar0: reg_base_addr fbffc000 ver 1:0 cap 8d2078c106f0466 ecap f020df
Aug 28 15:14:25 connectingpoint kernel: DMAR: DRHD base: 0x000000c7ffc000 flags: 0x1
Aug 28 15:14:25 connectingpoint kernel: DMAR: dmar1: reg_base_addr c7ffc000 ver 1:0 cap 8d2078c106f0466 ecap f020df
Aug 28 15:14:25 connectingpoint kernel: DMAR: ATSR flags: 0x0
Aug 28 15:14:25 connectingpoint kernel: DMAR: ATSR flags: 0x0
Aug 28 15:14:25 connectingpoint kernel: DMAR-IR: IOAPIC id 10 under DRHD base  0xfbffc000 IOMMU 0
Aug 28 15:14:25 connectingpoint kernel: DMAR-IR: IOAPIC id 8 under DRHD base  0xc7ffc000 IOMMU 1
Aug 28 15:14:25 connectingpoint kernel: DMAR-IR: IOAPIC id 9 under DRHD base  0xc7ffc000 IOMMU 1
Aug 28 15:14:25 connectingpoint kernel: DMAR-IR: HPET id 0 under DRHD base 0xc7ffc000
Aug 28 15:14:25 connectingpoint kernel: DMAR-IR: x2apic is disabled because BIOS sets x2apic opt out bit.
Aug 28 15:14:25 connectingpoint kernel: DMAR-IR: Use 'intremap=no_x2apic_optout' to override the BIOS setting.
Aug 28 15:14:25 connectingpoint kernel: DMAR-IR: Enabled IRQ remapping in xapic mode
Aug 28 15:14:25 connectingpoint kernel: x2apic: IRQ remapping doesn't support X2APIC mode
Aug 28 15:14:25 connectingpoint kernel: ..TIMER: vector=0x30 apic1=0 pin1=2 apic2=-1 pin2=-1
Aug 28 15:14:25 connectingpoint kernel: clocksource: tsc-early: mask: 0xffffffffffffffff max_cycles: 0x2298587c4a5, max_idle_ns: 440795272338 ns
Aug 28 15:14:25 connectingpoint kernel: Calibrating delay loop (skipped), value calculated using timer frequency.. 4800.07 BogoMIPS (lpj=2400035)
Aug 28 15:14:25 connectingpoint kernel: CPU0: Thermal monitoring enabled (TM1)
Aug 28 15:14:25 connectingpoint kernel: process: using mwait in idle threads
Aug 28 15:14:25 connectingpoint kernel: Last level iTLB entries: 4KB 64, 2MB 8, 4MB 8
Aug 28 15:14:25 connectingpoint kernel: Last level dTLB entries: 4KB 64, 2MB 0, 4MB 0, 1GB 4
Aug 28 15:14:25 connectingpoint kernel: Spectre V1 : Mitigation: usercopy/swapgs barriers and __user pointer sanitization
Aug 28 15:14:25 connectingpoint kernel: Spectre V2 : Mitigation: Retpolines
Aug 28 15:14:25 connectingpoint kernel: Spectre V2 : Spectre v2 / SpectreRSB mitigation: Filling RSB on context switch
Aug 28 15:14:25 connectingpoint kernel: Spectre V2 : Spectre v2 / SpectreRSB : Filling RSB on VMEXIT
Aug 28 15:14:25 connectingpoint kernel: Spectre V2 : Enabling Restricted Speculation for firmware calls
Aug 28 15:14:25 connectingpoint kernel: Spectre V2 : mitigation: Enabling conditional Indirect Branch Prediction Barrier
Aug 28 15:14:25 connectingpoint kernel: Spectre V2 : User space: Mitigation: STIBP via prctl
Aug 28 15:14:25 connectingpoint kernel: Speculative Store Bypass: Mitigation: Speculative Store Bypass disabled via prctl
Aug 28 15:14:25 connectingpoint kernel: MDS: Mitigation: Clear CPU buffers
Aug 28 15:14:25 connectingpoint kernel: TAA: Mitigation: Clear CPU buffers
Aug 28 15:14:25 connectingpoint kernel: MMIO Stale Data: Mitigation: Clear CPU buffers
Aug 28 15:14:25 connectingpoint kernel: x86/fpu: Supporting XSAVE feature 0x001: 'x87 floating point registers'
Aug 28 15:14:25 connectingpoint kernel: x86/fpu: Supporting XSAVE feature 0x002: 'SSE registers'
Aug 28 15:14:25 connectingpoint kernel: x86/fpu: Supporting XSAVE feature 0x004: 'AVX registers'
Aug 28 15:14:25 connectingpoint kernel: x86/fpu: xstate_offset[2]:  576, xstate_sizes[2]:  256
Aug 28 15:14:25 connectingpoint kernel: x86/fpu: Enabled xstate features 0x7, context size is 832 bytes, using 'standard' format.
Aug 28 15:14:25 connectingpoint kernel: Freeing SMP alternatives memory: 48K
Aug 28 15:14:25 connectingpoint kernel: pid_max: default: 57344 minimum: 448
Aug 28 15:14:25 connectingpoint kernel: LSM: initializing lsm=lockdown,capability,landlock,yama,apparmor,integrity
Aug 28 15:14:25 connectingpoint kernel: landlock: Up and running.
Aug 28 15:14:25 connectingpoint kernel: Yama: becoming mindful.
Aug 28 15:14:25 connectingpoint kernel: AppArmor: AppArmor initialized
Aug 28 15:14:25 connectingpoint kernel: Dentry cache hash table entries: 8388608 (order: 14, 67108864 bytes, vmalloc hugepage)
Aug 28 15:14:25 connectingpoint kernel: Inode-cache hash table entries: 4194304 (order: 13, 33554432 bytes, vmalloc hugepage)
Aug 28 15:14:25 connectingpoint kernel: Mount-cache hash table entries: 131072 (order: 8, 1048576 bytes, vmalloc)
Aug 28 15:14:25 connectingpoint kernel: Mountpoint-cache hash table entries: 131072 (order: 8, 1048576 bytes, vmalloc)
Aug 28 15:14:25 connectingpoint kernel: smpboot: CPU0: Intel(R) Xeon(R) CPU E5-2680 v4 @ 2.40GHz (family: 0x6, model: 0x4f, stepping: 0x1)
Aug 28 15:14:25 connectingpoint kernel: RCU Tasks: Setting shift to 6 and lim to 1 rcu_task_cb_adjust=1 rcu_task_cpu_ids=56.
Aug 28 15:14:25 connectingpoint kernel: RCU Tasks Rude: Setting shift to 6 and lim to 1 rcu_task_cb_adjust=1 rcu_task_cpu_ids=56.
Aug 28 15:14:25 connectingpoint kernel: RCU Tasks Trace: Setting shift to 6 and lim to 1 rcu_task_cb_adjust=1 rcu_task_cpu_ids=56.
Aug 28 15:14:25 connectingpoint kernel: Performance Events: PEBS fmt2+, Broadwell events, 16-deep LBR, full-width counters, Intel PMU driver.
Aug 28 15:14:25 connectingpoint kernel: ... version:                3
Aug 28 15:14:25 connectingpoint kernel: ... bit width:              48
Aug 28 15:14:25 connectingpoint kernel: ... generic registers:      4
Aug 28 15:14:25 connectingpoint kernel: ... value mask:             0000ffffffffffff
Aug 28 15:14:25 connectingpoint kernel: ... max period:             00007fffffffffff
Aug 28 15:14:25 connectingpoint kernel: ... fixed-purpose events:   3
Aug 28 15:14:25 connectingpoint kernel: ... event mask:             000000070000000f
Aug 28 15:14:25 connectingpoint kernel: signal: max sigframe size: 1776
Aug 28 15:14:25 connectingpoint kernel: Estimated ratio of average max frequency by base frequency (times 1024): 1280
Aug 28 15:14:25 connectingpoint kernel: rcu: Hierarchical SRCU implementation.
Aug 28 15:14:25 connectingpoint kernel: rcu:         Max phase no-delay instances is 400.
Aug 28 15:14:25 connectingpoint kernel: NMI watchdog: Enabled. Permanently consumes one hw-PMU counter.
Aug 28 15:14:25 connectingpoint kernel: smp: Bringing up secondary CPUs ...
Aug 28 15:14:25 connectingpoint kernel: smpboot: x86: Booting SMP configuration:
Aug 28 15:14:25 connectingpoint kernel: .... node  #1, CPUs:        #1
Aug 28 15:14:25 connectingpoint kernel: .... node  #0, CPUs:    #2
Aug 28 15:14:25 connectingpoint kernel: .... node  #1, CPUs:    #3
Aug 28 15:14:25 connectingpoint kernel: .... node  #0, CPUs:    #4
Aug 28 15:14:25 connectingpoint kernel: .... node  #1, CPUs:    #5
Aug 28 15:14:25 connectingpoint kernel: .... node  #0, CPUs:    #6
Aug 28 15:14:25 connectingpoint kernel: .... node  #1, CPUs:    #7
Aug 28 15:14:25 connectingpoint kernel: .... node  #0, CPUs:    #8
Aug 28 15:14:25 connectingpoint kernel: .... node  #1, CPUs:    #9
Aug 28 15:14:25 connectingpoint kernel: .... node  #0, CPUs:   #10
Aug 28 15:14:25 connectingpoint kernel: .... node  #1, CPUs:   #11
Aug 28 15:14:25 connectingpoint kernel: .... node  #0, CPUs:   #12
Aug 28 15:14:25 connectingpoint kernel: .... node  #1, CPUs:   #13
Aug 28 15:14:25 connectingpoint kernel: .... node  #0, CPUs:   #14
Aug 28 15:14:25 connectingpoint kernel: .... node  #1, CPUs:   #15
Aug 28 15:14:25 connectingpoint kernel: .... node  #0, CPUs:   #16
Aug 28 15:14:25 connectingpoint kernel: .... node  #1, CPUs:   #17
Aug 28 15:14:25 connectingpoint kernel: .... node  #0, CPUs:   #18
Aug 28 15:14:25 connectingpoint kernel: .... node  #1, CPUs:   #19
Aug 28 15:14:25 connectingpoint kernel: .... node  #0, CPUs:   #20
Aug 28 15:14:25 connectingpoint kernel: .... node  #1, CPUs:   #21
Aug 28 15:14:25 connectingpoint kernel: .... node  #0, CPUs:   #22
Aug 28 15:14:25 connectingpoint kernel: .... node  #1, CPUs:   #23
Aug 28 15:14:25 connectingpoint kernel: .... node  #0, CPUs:   #24
Aug 28 15:14:25 connectingpoint kernel: .... node  #1, CPUs:   #25
Aug 28 15:14:25 connectingpoint kernel: .... node  #0, CPUs:   #26
Aug 28 15:14:25 connectingpoint kernel: .... node  #1, CPUs:   #27
Aug 28 15:14:25 connectingpoint kernel: smpboot: CPU 1 Converting physical 0 to logical die 1
Aug 28 15:14:25 connectingpoint kernel: 
Aug 28 15:14:25 connectingpoint kernel: .... node  #0, CPUs:   #28
Aug 28 15:14:25 connectingpoint kernel: .... node  #1, CPUs:   #29
Aug 28 15:14:25 connectingpoint kernel: .... node  #0, CPUs:   #30
Aug 28 15:14:25 connectingpoint kernel: .... node  #1, CPUs:   #31
Aug 28 15:14:25 connectingpoint kernel: .... node  #0, CPUs:   #32
Aug 28 15:14:25 connectingpoint kernel: .... node  #1, CPUs:   #33
Aug 28 15:14:25 connectingpoint kernel: .... node  #0, CPUs:   #34
Aug 28 15:14:25 connectingpoint kernel: .... node  #1, CPUs:   #35
Aug 28 15:14:25 connectingpoint kernel: .... node  #0, CPUs:   #36
Aug 28 15:14:25 connectingpoint kernel: .... node  #1, CPUs:   #37
Aug 28 15:14:25 connectingpoint kernel: .... node  #0, CPUs:   #38
Aug 28 15:14:25 connectingpoint kernel: .... node  #1, CPUs:   #39
Aug 28 15:14:25 connectingpoint kernel: .... node  #0, CPUs:   #40
Aug 28 15:14:25 connectingpoint kernel: .... node  #1, CPUs:   #41
Aug 28 15:14:25 connectingpoint kernel: .... node  #0, CPUs:   #42
Aug 28 15:14:25 connectingpoint kernel: .... node  #1, CPUs:   #43
Aug 28 15:14:25 connectingpoint kernel: .... node  #0, CPUs:   #44
Aug 28 15:14:25 connectingpoint kernel: .... node  #1, CPUs:   #45
Aug 28 15:14:25 connectingpoint kernel: .... node  #0, CPUs:   #46
Aug 28 15:14:25 connectingpoint kernel: .... node  #1, CPUs:   #47
Aug 28 15:14:25 connectingpoint kernel: .... node  #0, CPUs:   #48
Aug 28 15:14:25 connectingpoint kernel: .... node  #1, CPUs:   #49
Aug 28 15:14:25 connectingpoint kernel: .... node  #0, CPUs:   #50
Aug 28 15:14:25 connectingpoint kernel: .... node  #1, CPUs:   #51
Aug 28 15:14:25 connectingpoint kernel: .... node  #0, CPUs:   #52
Aug 28 15:14:25 connectingpoint kernel: .... node  #1, CPUs:   #53
Aug 28 15:14:25 connectingpoint kernel: .... node  #0, CPUs:   #54
Aug 28 15:14:25 connectingpoint kernel: .... node  #1, CPUs:   #55
Aug 28 15:14:25 connectingpoint kernel: MDS CPU bug present and SMT on, data leak possible. See https://www.kernel.org/doc/html/latest/admin-guide/hw-vuln/mds.html for more details.
Aug 28 15:14:25 connectingpoint kernel: TAA CPU bug present and SMT on, data leak possible. See https://www.kernel.org/doc/html/latest/admin-guide/hw-vuln/tsx_async_abort.html for more details.
Aug 28 15:14:25 connectingpoint kernel: MMIO Stale Data CPU bug present and SMT on, data leak possible. See https://www.kernel.org/doc/html/latest/admin-guide/hw-vuln/processor_mmio_stale_data.html for more details.
Aug 28 15:14:25 connectingpoint kernel: smp: Brought up 2 nodes, 56 CPUs
Aug 28 15:14:25 connectingpoint kernel: smpboot: Max logical packages: 2
Aug 28 15:14:25 connectingpoint kernel: smpboot: Total of 56 processors activated (268803.92 BogoMIPS)
Aug 28 15:14:25 connectingpoint kernel: devtmpfs: initialized
Aug 28 15:14:25 connectingpoint kernel: x86/mm: Memory block size: 2048MB
Aug 28 15:14:25 connectingpoint kernel: ACPI: PM: Registering ACPI NVS region [mem 0x7af0b000-0x7b93afff] (10682368 bytes)
Aug 28 15:14:25 connectingpoint kernel: clocksource: jiffies: mask: 0xffffffff max_cycles: 0xffffffff, max_idle_ns: 1911260446275000 ns
Aug 28 15:14:25 connectingpoint kernel: futex hash table entries: 16384 (order: 8, 1048576 bytes, vmalloc)
Aug 28 15:14:25 connectingpoint kernel: pinctrl core: initialized pinctrl subsystem
Aug 28 15:14:25 connectingpoint kernel: PM: RTC time: 09:44:20, date: 2025-08-28
Aug 28 15:14:25 connectingpoint kernel: NET: Registered PF_NETLINK/PF_ROUTE protocol family
Aug 28 15:14:25 connectingpoint kernel: DMA: preallocated 4096 KiB GFP_KERNEL pool for atomic allocations
Aug 28 15:14:25 connectingpoint kernel: DMA: preallocated 4096 KiB GFP_KERNEL|GFP_DMA pool for atomic allocations
Aug 28 15:14:25 connectingpoint kernel: DMA: preallocated 4096 KiB GFP_KERNEL|GFP_DMA32 pool for atomic allocations
Aug 28 15:14:25 connectingpoint kernel: audit: initializing netlink subsys (disabled)
Aug 28 15:14:25 connectingpoint kernel: audit: type=2000 audit(1756374259.111:1): state=initialized audit_enabled=0 res=1
Aug 28 15:14:25 connectingpoint kernel: thermal_sys: Registered thermal governor 'fair_share'
Aug 28 15:14:25 connectingpoint kernel: thermal_sys: Registered thermal governor 'bang_bang'
Aug 28 15:14:25 connectingpoint kernel: thermal_sys: Registered thermal governor 'step_wise'
Aug 28 15:14:25 connectingpoint kernel: thermal_sys: Registered thermal governor 'user_space'
Aug 28 15:14:25 connectingpoint kernel: thermal_sys: Registered thermal governor 'power_allocator'
Aug 28 15:14:25 connectingpoint kernel: EISA bus registered
Aug 28 15:14:25 connectingpoint kernel: cpuidle: using governor ladder
Aug 28 15:14:25 connectingpoint kernel: cpuidle: using governor menu
Aug 28 15:14:25 connectingpoint kernel: ACPI FADT declares the system doesn't support PCIe ASPM, so disable it
Aug 28 15:14:25 connectingpoint kernel: acpiphp: ACPI Hot Plug PCI Controller Driver version: 0.5
Aug 28 15:14:25 connectingpoint kernel: PCI: ECAM [mem 0x80000000-0x8fffffff] (base 0x80000000) for domain 0000 [bus 00-ff]
Aug 28 15:14:25 connectingpoint kernel: PCI: Using configuration type 1 for base access
Aug 28 15:14:25 connectingpoint kernel: PCI: Dell System detected, enabling pci=bfsort.
Aug 28 15:14:25 connectingpoint kernel: kprobes: kprobe jump-optimization is enabled. All kprobes are optimized if possible.
Aug 28 15:14:25 connectingpoint kernel: HugeTLB: registered 1.00 GiB page size, pre-allocated 0 pages
Aug 28 15:14:25 connectingpoint kernel: HugeTLB: 16380 KiB vmemmap can be freed for a 1.00 GiB page
Aug 28 15:14:25 connectingpoint kernel: HugeTLB: registered 2.00 MiB page size, pre-allocated 0 pages
Aug 28 15:14:25 connectingpoint kernel: HugeTLB: 28 KiB vmemmap can be freed for a 2.00 MiB page
Aug 28 15:14:25 connectingpoint kernel: fbcon: Taking over console
Aug 28 15:14:25 connectingpoint kernel: ACPI: Added _OSI(Module Device)
Aug 28 15:14:25 connectingpoint kernel: ACPI: Added _OSI(Processor Device)
Aug 28 15:14:25 connectingpoint kernel: ACPI: Added _OSI(3.0 _SCP Extensions)
Aug 28 15:14:25 connectingpoint kernel: ACPI: Added _OSI(Processor Aggregator Device)
Aug 28 15:14:25 connectingpoint kernel: ACPI: 4 ACPI AML tables successfully acquired and loaded
Aug 28 15:14:25 connectingpoint kernel: ACPI: [Firmware Bug]: BIOS _OSI(Linux) query ignored
Aug 28 15:14:25 connectingpoint kernel: ACPI: _OSC evaluation for CPUs failed, trying _PDC
Aug 28 15:14:25 connectingpoint kernel: ACPI: Interpreter enabled
Aug 28 15:14:25 connectingpoint kernel: ACPI: PM: (supports S0 S5)
Aug 28 15:14:25 connectingpoint kernel: ACPI: Using IOAPIC for interrupt routing
Aug 28 15:14:25 connectingpoint kernel: HEST: Table parsing has been initialized.
Aug 28 15:14:25 connectingpoint kernel: GHES: APEI firmware first mode is enabled by APEI bit and WHEA _OSC.
Aug 28 15:14:25 connectingpoint kernel: PCI: Using host bridge windows from ACPI; if necessary, use "pci=nocrs" and report a bug
Aug 28 15:14:25 connectingpoint kernel: PCI: Ignoring E820 reservations for host bridge windows
Aug 28 15:14:25 connectingpoint kernel: ACPI: Enabled 2 GPEs in block 00 to 3F
Aug 28 15:14:25 connectingpoint kernel: ACPI: PCI Root Bridge [UNC1] (domain 0000 [bus ff])
Aug 28 15:14:25 connectingpoint kernel: acpi PNP0A03:02: _OSC: OS supports [ExtendedConfig ASPM ClockPM Segments MSI EDR HPX-Type3]
Aug 28 15:14:25 connectingpoint kernel: acpi PNP0A03:02: _OSC: OS now controls [PCIeHotplug SHPCHotplug PME AER PCIeCapability LTR DPC]
Aug 28 15:14:25 connectingpoint kernel: acpi PNP0A03:02: FADT indicates ASPM is unsupported, using BIOS configuration
Aug 28 15:14:25 connectingpoint kernel: PCI host bridge to bus 0000:ff
Aug 28 15:14:25 connectingpoint kernel: pci_bus 0000:ff: Unknown NUMA node; performance will be reduced
Aug 28 15:14:25 connectingpoint kernel: pci_bus 0000:ff: root bus resource [bus ff]
Aug 28 15:14:25 connectingpoint kernel: pci 0000:ff:08.0: [8086:6f80] type 00 class 0x088000 conventional PCI endpoint
Aug 28 15:14:25 connectingpoint kernel: pci 0000:ff:08.2: [8086:6f32] type 00 class 0x110100 conventional PCI endpoint
Aug 28 15:14:25 connectingpoint kernel: pci 0000:ff:08.3: [8086:6f83] type 00 class 0x088000 PCIe Root Complex Integrated Endpoint
Aug 28 15:14:25 connectingpoint kernel: pci 0000:ff:09.0: [8086:6f90] type 00 class 0x088000 conventional PCI endpoint
Aug 28 15:14:25 connectingpoint kernel: pci 0000:ff:09.2: [8086:6f33] type 00 class 0x110100 conventional PCI endpoint
Aug 28 15:14:25 connectingpoint kernel: pci 0000:ff:09.3: [8086:6f93] type 00 class 0x088000 PCIe Root Complex Integrated Endpoint
Aug 28 15:14:25 connectingpoint kernel: pci 0000:ff:0b.0: [8086:6f81] type 00 class 0x088000 conventional PCI endpoint
Aug 28 15:14:25 connectingpoint kernel: pci 0000:ff:0b.1: [8086:6f36] type 00 class 0x110100 conventional PCI endpoint
Aug 28 15:14:25 connectingpoint kernel: pci 0000:ff:0b.2: [8086:6f37] type 00 class 0x110100 conventional PCI endpoint
Aug 28 15:14:25 connectingpoint kernel: pci 0000:ff:0b.3: [8086:6f76] type 00 class 0x088000 conventional PCI endpoint
Aug 28 15:14:25 connectingpoint kernel: pci 0000:ff:0c.0: [8086:6fe0] type 00 class 0x088000 conventional PCI endpoint
Aug 28 15:14:25 connectingpoint kernel: pci 0000:ff:0c.1: [8086:6fe1] type 00 class 0x088000 conventional PCI endpoint
Aug 28 15:14:25 connectingpoint kernel: pci 0000:ff:0c.2: [8086:6fe2] type 00 class 0x088000 conventional PCI endpoint
Aug 28 15:14:25 connectingpoint kernel: pci 0000:ff:0c.3: [8086:6fe3] type 00 class 0x088000 conventional PCI endpoint
Aug 28 15:14:25 connectingpoint kernel: pci 0000:ff:0c.4: [8086:6fe4] type 00 class 0x088000 conventional PCI endpoint
Aug 28 15:14:25 connectingpoint kernel: pci 0000:ff:0c.5: [8086:6fe5] type 00 class 0x088000 conventional PCI endpoint
Aug 28 15:14:25 connectingpoint kernel: pci 0000:ff:0c.6: [8086:6fe6] type 00 class 0x088000 conventional PCI endpoint
Aug 28 15:14:25 connectingpoint kernel: pci 0000:ff:0c.7: [8086:6fe7] type 00 class 0x088000 conventional PCI endpoint
Aug 28 15:14:25 connectingpoint kernel: pci 0000:ff:0d.0: [8086:6fe8] type 00 class 0x088000 conventional PCI endpoint
Aug 28 15:14:25 connectingpoint kernel: pci 0000:ff:0d.1: [8086:6fe9] type 00 class 0x088000 conventional PCI endpoint
Aug 28 15:14:25 connectingpoint kernel: pci 0000:ff:0d.2: [8086:6fea] type 00 class 0x088000 conventional PCI endpoint
Aug 28 15:14:25 connectingpoint kernel: pci 0000:ff:0d.3: [8086:6feb] type 00 class 0x088000 conventional PCI endpoint
Aug 28 15:14:25 connectingpoint kernel: pci 0000:ff:0d.4: [8086:6fec] type 00 class 0x088000 conventional PCI endpoint
Aug 28 15:14:25 connectingpoint kernel: pci 0000:ff:0d.5: [8086:6fed] type 00 class 0x088000 conventional PCI endpoint
Aug 28 15:14:25 connectingpoint kernel: pci 0000:ff:0f.0: [8086:6ff8] type 00 class 0x088000 conventional PCI endpoint
Aug 28 15:14:25 connectingpoint kernel: pci 0000:ff:0f.1: [8086:6ff9] type 00 class 0x088000 conventional PCI endpoint
Aug 28 15:14:25 connectingpoint kernel: pci 0000:ff:0f.2: [8086:6ffa] type 00 class 0x088000 conventional PCI endpoint
Aug 28 15:14:25 connectingpoint kernel: pci 0000:ff:0f.3: [8086:6ffb] type 00 class 0x088000 conventional PCI endpoint
Aug 28 15:14:25 connectingpoint kernel: pci 0000:ff:0f.4: [8086:6ffc] type 00 class 0x088000 conventional PCI endpoint
Aug 28 15:14:25 connectingpoint kernel: pci 0000:ff:0f.5: [8086:6ffd] type 00 class 0x088000 conventional PCI endpoint
Aug 28 15:14:25 connectingpoint kernel: pci 0000:ff:0f.6: [8086:6ffe] type 00 class 0x088000 conventional PCI endpoint
Aug 28 15:14:25 connectingpoint kernel: pci 0000:ff:10.0: [8086:6f1d] type 00 class 0x088000 conventional PCI endpoint
Aug 28 15:14:25 connectingpoint kernel: pci 0000:ff:10.1: [8086:6f34] type 00 class 0x110100 conventional PCI endpoint
Aug 28 15:14:25 connectingpoint kernel: pci 0000:ff:10.5: [8086:6f1e] type 00 class 0x088000 conventional PCI endpoint
Aug 28 15:14:25 connectingpoint kernel: pci 0000:ff:10.6: [8086:6f7d] type 00 class 0x110100 conventional PCI endpoint
Aug 28 15:14:25 connectingpoint kernel: pci 0000:ff:10.7: [8086:6f1f] type 00 class 0x088000 conventional PCI endpoint
Aug 28 15:14:25 connectingpoint kernel: pci 0000:ff:12.0: [8086:6fa0] type 00 class 0x088000 conventional PCI endpoint
Aug 28 15:14:25 connectingpoint kernel: pci 0000:ff:12.1: [8086:6f30] type 00 class 0x110100 conventional PCI endpoint
Aug 28 15:14:25 connectingpoint kernel: pci 0000:ff:12.2: [8086:6f70] type 00 class 0x088000 conventional PCI endpoint
Aug 28 15:14:25 connectingpoint kernel: pci 0000:ff:12.4: [8086:6f60] type 00 class 0x088000 conventional PCI endpoint
Aug 28 15:14:25 connectingpoint kernel: pci 0000:ff:12.5: [8086:6f38] type 00 class 0x110100 conventional PCI endpoint
Aug 28 15:14:25 connectingpoint kernel: pci 0000:ff:12.6: [8086:6f78] type 00 class 0x088000 conventional PCI endpoint
Aug 28 15:14:25 connectingpoint kernel: pci 0000:ff:13.0: [8086:6fa8] type 00 class 0x088000 PCIe Root Complex Integrated Endpoint
Aug 28 15:14:25 connectingpoint kernel: pci 0000:ff:13.1: [8086:6f71] type 00 class 0x088000 PCIe Root Complex Integrated Endpoint
Aug 28 15:14:25 connectingpoint kernel: pci 0000:ff:13.2: [8086:6faa] type 00 class 0x088000 PCIe Root Complex Integrated Endpoint
Aug 28 15:14:25 connectingpoint kernel: pci 0000:ff:13.3: [8086:6fab] type 00 class 0x088000 PCIe Root Complex Integrated Endpoint
Aug 28 15:14:25 connectingpoint kernel: pci 0000:ff:13.6: [8086:6fae] type 00 class 0x088000 conventional PCI endpoint
Aug 28 15:14:25 connectingpoint kernel: pci 0000:ff:13.7: [8086:6faf] type 00 class 0x088000 conventional PCI endpoint
Aug 28 15:14:25 connectingpoint kernel: pci 0000:ff:14.0: [8086:6fb0] type 00 class 0x088000 PCIe Root Complex Integrated Endpoint
Aug 28 15:14:25 connectingpoint kernel: pci 0000:ff:14.1: [8086:6fb1] type 00 class 0x088000 PCIe Root Complex Integrated Endpoint
Aug 28 15:14:25 connectingpoint kernel: pci 0000:ff:14.2: [8086:6fb2] type 00 class 0x088000 PCIe Root Complex Integrated Endpoint
Aug 28 15:14:25 connectingpoint kernel: pci 0000:ff:14.3: [8086:6fb3] type 00 class 0x088000 PCIe Root Complex Integrated Endpoint
Aug 28 15:14:25 connectingpoint kernel: pci 0000:ff:14.4: [8086:6fbc] type 00 class 0x088000 conventional PCI endpoint
Aug 28 15:14:25 connectingpoint kernel: pci 0000:ff:14.5: [8086:6fbd] type 00 class 0x088000 conventional PCI endpoint
Aug 28 15:14:25 connectingpoint kernel: pci 0000:ff:14.6: [8086:6fbe] type 00 class 0x088000 conventional PCI endpoint
Aug 28 15:14:25 connectingpoint kernel: pci 0000:ff:14.7: [8086:6fbf] type 00 class 0x088000 conventional PCI endpoint
Aug 28 15:14:25 connectingpoint kernel: pci 0000:ff:16.0: [8086:6f68] type 00 class 0x088000 PCIe Root Complex Integrated Endpoint
Aug 28 15:14:25 connectingpoint kernel: pci 0000:ff:16.1: [8086:6f79] type 00 class 0x088000 PCIe Root Complex Integrated Endpoint
Aug 28 15:14:25 connectingpoint kernel: pci 0000:ff:16.2: [8086:6f6a] type 00 class 0x088000 PCIe Root Complex Integrated Endpoint
Aug 28 15:14:25 connectingpoint kernel: pci 0000:ff:16.3: [8086:6f6b] type 00 class 0x088000 PCIe Root Complex Integrated Endpoint
Aug 28 15:14:25 connectingpoint kernel: pci 0000:ff:16.6: [8086:6f6e] type 00 class 0x088000 conventional PCI endpoint
Aug 28 15:14:25 connectingpoint kernel: pci 0000:ff:16.7: [8086:6f6f] type 00 class 0x088000 conventional PCI endpoint
Aug 28 15:14:25 connectingpoint kernel: pci 0000:ff:17.0: [8086:6fd0] type 00 class 0x088000 PCIe Root Complex Integrated Endpoint
Aug 28 15:14:25 connectingpoint kernel: pci 0000:ff:17.1: [8086:6fd1] type 00 class 0x088000 PCIe Root Complex Integrated Endpoint
Aug 28 15:14:25 connectingpoint kernel: pci 0000:ff:17.2: [8086:6fd2] type 00 class 0x088000 PCIe Root Complex Integrated Endpoint
Aug 28 15:14:25 connectingpoint kernel: pci 0000:ff:17.3: [8086:6fd3] type 00 class 0x088000 PCIe Root Complex Integrated Endpoint
Aug 28 15:14:25 connectingpoint kernel: pci 0000:ff:17.4: [8086:6fb8] type 00 class 0x088000 conventional PCI endpoint
Aug 28 15:14:25 connectingpoint kernel: pci 0000:ff:17.5: [8086:6fb9] type 00 class 0x088000 conventional PCI endpoint
Aug 28 15:14:25 connectingpoint kernel: pci 0000:ff:17.6: [8086:6fba] type 00 class 0x088000 conventional PCI endpoint
Aug 28 15:14:25 connectingpoint kernel: pci 0000:ff:17.7: [8086:6fbb] type 00 class 0x088000 conventional PCI endpoint
Aug 28 15:14:25 connectingpoint kernel: pci 0000:ff:1e.0: [8086:6f98] type 00 class 0x088000 conventional PCI endpoint
Aug 28 15:14:25 connectingpoint kernel: pci 0000:ff:1e.1: [8086:6f99] type 00 class 0x088000 conventional PCI endpoint
Aug 28 15:14:25 connectingpoint kernel: pci 0000:ff:1e.2: [8086:6f9a] type 00 class 0x088000 conventional PCI endpoint
Aug 28 15:14:25 connectingpoint kernel: pci 0000:ff:1e.3: [8086:6fc0] type 00 class 0x088000 conventional PCI endpoint
Aug 28 15:14:25 connectingpoint kernel: pci 0000:ff:1e.4: [8086:6f9c] type 00 class 0x088000 conventional PCI endpoint
Aug 28 15:14:25 connectingpoint kernel: pci 0000:ff:1f.0: [8086:6f88] type 00 class 0x088000 conventional PCI endpoint
Aug 28 15:14:25 connectingpoint kernel: pci 0000:ff:1f.2: [8086:6f8a] type 00 class 0x088000 conventional PCI endpoint
Aug 28 15:14:25 connectingpoint kernel: ACPI: PCI Root Bridge [UNC0] (domain 0000 [bus 7f])
Aug 28 15:14:25 connectingpoint kernel: acpi PNP0A03:03: _OSC: OS supports [ExtendedConfig ASPM ClockPM Segments MSI EDR HPX-Type3]
Aug 28 15:14:25 connectingpoint kernel: acpi PNP0A03:03: _OSC: OS now controls [PCIeHotplug SHPCHotplug PME AER PCIeCapability LTR DPC]
Aug 28 15:14:25 connectingpoint kernel: acpi PNP0A03:03: FADT indicates ASPM is unsupported, using BIOS configuration
Aug 28 15:14:25 connectingpoint kernel: PCI host bridge to bus 0000:7f
Aug 28 15:14:25 connectingpoint kernel: pci_bus 0000:7f: Unknown NUMA node; performance will be reduced
Aug 28 15:14:25 connectingpoint kernel: pci_bus 0000:7f: root bus resource [bus 7f]
Aug 28 15:14:25 connectingpoint kernel: pci 0000:7f:08.0: [8086:6f80] type 00 class 0x088000 conventional PCI endpoint
Aug 28 15:14:25 connectingpoint kernel: pci 0000:7f:08.2: [8086:6f32] type 00 class 0x110100 conventional PCI endpoint
Aug 28 15:14:25 connectingpoint kernel: pci 0000:7f:08.3: [8086:6f83] type 00 class 0x088000 PCIe Root Complex Integrated Endpoint
Aug 28 15:14:25 connectingpoint kernel: pci 0000:7f:09.0: [8086:6f90] type 00 class 0x088000 conventional PCI endpoint
Aug 28 15:14:25 connectingpoint kernel: pci 0000:7f:09.2: [8086:6f33] type 00 class 0x110100 conventional PCI endpoint
Aug 28 15:14:25 connectingpoint kernel: pci 0000:7f:09.3: [8086:6f93] type 00 class 0x088000 PCIe Root Complex Integrated Endpoint
Aug 28 15:14:25 connectingpoint kernel: pci 0000:7f:0b.0: [8086:6f81] type 00 class 0x088000 conventional PCI endpoint
Aug 28 15:14:25 connectingpoint kernel: pci 0000:7f:0b.1: [8086:6f36] type 00 class 0x110100 conventional PCI endpoint
Aug 28 15:14:25 connectingpoint kernel: pci 0000:7f:0b.2: [8086:6f37] type 00 class 0x110100 conventional PCI endpoint
Aug 28 15:14:25 connectingpoint kernel: pci 0000:7f:0b.3: [8086:6f76] type 00 class 0x088000 conventional PCI endpoint
Aug 28 15:14:25 connectingpoint kernel: pci 0000:7f:0c.0: [8086:6fe0] type 00 class 0x088000 conventional PCI endpoint
Aug 28 15:14:25 connectingpoint kernel: pci 0000:7f:0c.1: [8086:6fe1] type 00 class 0x088000 conventional PCI endpoint
Aug 28 15:14:25 connectingpoint kernel: pci 0000:7f:0c.2: [8086:6fe2] type 00 class 0x088000 conventional PCI endpoint
Aug 28 15:14:25 connectingpoint kernel: pci 0000:7f:0c.3: [8086:6fe3] type 00 class 0x088000 conventional PCI endpoint
Aug 28 15:14:25 connectingpoint kernel: pci 0000:7f:0c.4: [8086:6fe4] type 00 class 0x088000 conventional PCI endpoint
Aug 28 15:14:25 connectingpoint kernel: pci 0000:7f:0c.5: [8086:6fe5] type 00 class 0x088000 conventional PCI endpoint
Aug 28 15:14:25 connectingpoint kernel: pci 0000:7f:0c.6: [8086:6fe6] type 00 class 0x088000 conventional PCI endpoint
Aug 28 15:14:25 connectingpoint kernel: pci 0000:7f:0c.7: [8086:6fe7] type 00 class 0x088000 conventional PCI endpoint
Aug 28 15:14:25 connectingpoint kernel: pci 0000:7f:0d.0: [8086:6fe8] type 00 class 0x088000 conventional PCI endpoint
Aug 28 15:14:25 connectingpoint kernel: pci 0000:7f:0d.1: [8086:6fe9] type 00 class 0x088000 conventional PCI endpoint
Aug 28 15:14:25 connectingpoint kernel: pci 0000:7f:0d.2: [8086:6fea] type 00 class 0x088000 conventional PCI endpoint
Aug 28 15:14:25 connectingpoint kernel: pci 0000:7f:0d.3: [8086:6feb] type 00 class 0x088000 conventional PCI endpoint
Aug 28 15:14:25 connectingpoint kernel: pci 0000:7f:0d.4: [8086:6fec] type 00 class 0x088000 conventional PCI endpoint
Aug 28 15:14:25 connectingpoint kernel: pci 0000:7f:0d.5: [8086:6fed] type 00 class 0x088000 conventional PCI endpoint
Aug 28 15:14:25 connectingpoint kernel: pci 0000:7f:0f.0: [8086:6ff8] type 00 class 0x088000 conventional PCI endpoint
Aug 28 15:14:25 connectingpoint kernel: pci 0000:7f:0f.1: [8086:6ff9] type 00 class 0x088000 conventional PCI endpoint
Aug 28 15:14:25 connectingpoint kernel: pci 0000:7f:0f.2: [8086:6ffa] type 00 class 0x088000 conventional PCI endpoint
Aug 28 15:14:25 connectingpoint kernel: pci 0000:7f:0f.3: [8086:6ffb] type 00 class 0x088000 conventional PCI endpoint
Aug 28 15:14:25 connectingpoint kernel: pci 0000:7f:0f.4: [8086:6ffc] type 00 class 0x088000 conventional PCI endpoint
Aug 28 15:14:25 connectingpoint kernel: pci 0000:7f:0f.5: [8086:6ffd] type 00 class 0x088000 conventional PCI endpoint
Aug 28 15:14:25 connectingpoint kernel: pci 0000:7f:0f.6: [8086:6ffe] type 00 class 0x088000 conventional PCI endpoint
Aug 28 15:14:25 connectingpoint kernel: pci 0000:7f:10.0: [8086:6f1d] type 00 class 0x088000 conventional PCI endpoint
Aug 28 15:14:25 connectingpoint kernel: pci 0000:7f:10.1: [8086:6f34] type 00 class 0x110100 conventional PCI endpoint
Aug 28 15:14:25 connectingpoint kernel: pci 0000:7f:10.5: [8086:6f1e] type 00 class 0x088000 conventional PCI endpoint
Aug 28 15:14:25 connectingpoint kernel: pci 0000:7f:10.6: [8086:6f7d] type 00 class 0x110100 conventional PCI endpoint
Aug 28 15:14:25 connectingpoint kernel: pci 0000:7f:10.7: [8086:6f1f] type 00 class 0x088000 conventional PCI endpoint
Aug 28 15:14:25 connectingpoint kernel: pci 0000:7f:12.0: [8086:6fa0] type 00 class 0x088000 conventional PCI endpoint
Aug 28 15:14:25 connectingpoint kernel: pci 0000:7f:12.1: [8086:6f30] type 00 class 0x110100 conventional PCI endpoint
Aug 28 15:14:25 connectingpoint kernel: pci 0000:7f:12.2: [8086:6f70] type 00 class 0x088000 conventional PCI endpoint
Aug 28 15:14:25 connectingpoint kernel: pci 0000:7f:12.4: [8086:6f60] type 00 class 0x088000 conventional PCI endpoint
Aug 28 15:14:25 connectingpoint kernel: pci 0000:7f:12.5: [8086:6f38] type 00 class 0x110100 conventional PCI endpoint
Aug 28 15:14:25 connectingpoint kernel: pci 0000:7f:12.6: [8086:6f78] type 00 class 0x088000 conventional PCI endpoint
Aug 28 15:14:25 connectingpoint kernel: pci 0000:7f:13.0: [8086:6fa8] type 00 class 0x088000 PCIe Root Complex Integrated Endpoint
Aug 28 15:14:25 connectingpoint kernel: pci 0000:7f:13.1: [8086:6f71] type 00 class 0x088000 PCIe Root Complex Integrated Endpoint
Aug 28 15:14:25 connectingpoint kernel: pci 0000:7f:13.2: [8086:6faa] type 00 class 0x088000 PCIe Root Complex Integrated Endpoint
Aug 28 15:14:25 connectingpoint kernel: pci 0000:7f:13.3: [8086:6fab] type 00 class 0x088000 PCIe Root Complex Integrated Endpoint
Aug 28 15:14:25 connectingpoint kernel: pci 0000:7f:13.6: [8086:6fae] type 00 class 0x088000 conventional PCI endpoint
Aug 28 15:14:25 connectingpoint kernel: pci 0000:7f:13.7: [8086:6faf] type 00 class 0x088000 conventional PCI endpoint
Aug 28 15:14:25 connectingpoint kernel: pci 0000:7f:14.0: [8086:6fb0] type 00 class 0x088000 PCIe Root Complex Integrated Endpoint
Aug 28 15:14:25 connectingpoint kernel: pci 0000:7f:14.1: [8086:6fb1] type 00 class 0x088000 PCIe Root Complex Integrated Endpoint
Aug 28 15:14:25 connectingpoint kernel: pci 0000:7f:14.2: [8086:6fb2] type 00 class 0x088000 PCIe Root Complex Integrated Endpoint
Aug 28 15:14:25 connectingpoint kernel: pci 0000:7f:14.3: [8086:6fb3] type 00 class 0x088000 PCIe Root Complex Integrated Endpoint
Aug 28 15:14:25 connectingpoint kernel: pci 0000:7f:14.4: [8086:6fbc] type 00 class 0x088000 conventional PCI endpoint
Aug 28 15:14:25 connectingpoint kernel: pci 0000:7f:14.5: [8086:6fbd] type 00 class 0x088000 conventional PCI endpoint
Aug 28 15:14:25 connectingpoint kernel: pci 0000:7f:14.6: [8086:6fbe] type 00 class 0x088000 conventional PCI endpoint
Aug 28 15:14:25 connectingpoint kernel: pci 0000:7f:14.7: [8086:6fbf] type 00 class 0x088000 conventional PCI endpoint
Aug 28 15:14:25 connectingpoint kernel: pci 0000:7f:16.0: [8086:6f68] type 00 class 0x088000 PCIe Root Complex Integrated Endpoint
Aug 28 15:14:25 connectingpoint kernel: pci 0000:7f:16.1: [8086:6f79] type 00 class 0x088000 PCIe Root Complex Integrated Endpoint
Aug 28 15:14:25 connectingpoint kernel: pci 0000:7f:16.2: [8086:6f6a] type 00 class 0x088000 PCIe Root Complex Integrated Endpoint
Aug 28 15:14:25 connectingpoint kernel: pci 0000:7f:16.3: [8086:6f6b] type 00 class 0x088000 PCIe Root Complex Integrated Endpoint
Aug 28 15:14:25 connectingpoint kernel: pci 0000:7f:16.6: [8086:6f6e] type 00 class 0x088000 conventional PCI endpoint
Aug 28 15:14:25 connectingpoint kernel: pci 0000:7f:16.7: [8086:6f6f] type 00 class 0x088000 conventional PCI endpoint
Aug 28 15:14:25 connectingpoint kernel: pci 0000:7f:17.0: [8086:6fd0] type 00 class 0x088000 PCIe Root Complex Integrated Endpoint
Aug 28 15:14:25 connectingpoint kernel: pci 0000:7f:17.1: [8086:6fd1] type 00 class 0x088000 PCIe Root Complex Integrated Endpoint
Aug 28 15:14:25 connectingpoint kernel: pci 0000:7f:17.2: [8086:6fd2] type 00 class 0x088000 PCIe Root Complex Integrated Endpoint
Aug 28 15:14:25 connectingpoint kernel: pci 0000:7f:17.3: [8086:6fd3] type 00 class 0x088000 PCIe Root Complex Integrated Endpoint
Aug 28 15:14:25 connectingpoint kernel: pci 0000:7f:17.4: [8086:6fb8] type 00 class 0x088000 conventional PCI endpoint
Aug 28 15:14:25 connectingpoint kernel: pci 0000:7f:17.5: [8086:6fb9] type 00 class 0x088000 conventional PCI endpoint
Aug 28 15:14:25 connectingpoint kernel: pci 0000:7f:17.6: [8086:6fba] type 00 class 0x088000 conventional PCI endpoint
Aug 28 15:14:25 connectingpoint kernel: pci 0000:7f:17.7: [8086:6fbb] type 00 class 0x088000 conventional PCI endpoint
Aug 28 15:14:25 connectingpoint kernel: pci 0000:7f:1e.0: [8086:6f98] type 00 class 0x088000 conventional PCI endpoint
Aug 28 15:14:25 connectingpoint kernel: pci 0000:7f:1e.1: [8086:6f99] type 00 class 0x088000 conventional PCI endpoint
Aug 28 15:14:25 connectingpoint kernel: pci 0000:7f:1e.2: [8086:6f9a] type 00 class 0x088000 conventional PCI endpoint
Aug 28 15:14:25 connectingpoint kernel: pci 0000:7f:1e.3: [8086:6fc0] type 00 class 0x088000 conventional PCI endpoint
Aug 28 15:14:25 connectingpoint kernel: pci 0000:7f:1e.4: [8086:6f9c] type 00 class 0x088000 conventional PCI endpoint
Aug 28 15:14:25 connectingpoint kernel: pci 0000:7f:1f.0: [8086:6f88] type 00 class 0x088000 conventional PCI endpoint
Aug 28 15:14:25 connectingpoint kernel: pci 0000:7f:1f.2: [8086:6f8a] type 00 class 0x088000 conventional PCI endpoint
Aug 28 15:14:25 connectingpoint kernel: ACPI: PCI Root Bridge [PCI0] (domain 0000 [bus 00-7e])
Aug 28 15:14:25 connectingpoint kernel: acpi PNP0A08:00: _OSC: OS supports [ExtendedConfig ASPM ClockPM Segments MSI EDR HPX-Type3]
Aug 28 15:14:25 connectingpoint kernel: acpi PNP0A08:00: _OSC: platform does not support [SHPCHotplug LTR DPC]
Aug 28 15:14:25 connectingpoint kernel: acpi PNP0A08:00: _OSC: OS now controls [PCIeHotplug PME AER PCIeCapability]
Aug 28 15:14:25 connectingpoint kernel: acpi PNP0A08:00: FADT indicates ASPM is unsupported, using BIOS configuration
Aug 28 15:14:25 connectingpoint kernel: PCI host bridge to bus 0000:00
Aug 28 15:14:25 connectingpoint kernel: pci_bus 0000:00: root bus resource [io  0x0000-0x0cf7 window]
Aug 28 15:14:25 connectingpoint kernel: pci_bus 0000:00: root bus resource [io  0x1000-0x7fff window]
Aug 28 15:14:25 connectingpoint kernel: pci_bus 0000:00: root bus resource [mem 0x000a0000-0x000bffff window]
Aug 28 15:14:25 connectingpoint kernel: pci_bus 0000:00: root bus resource [mem 0x90000000-0xc7ffbfff window]
Aug 28 15:14:25 connectingpoint kernel: pci_bus 0000:00: root bus resource [mem 0x38000000000-0x3bfffffffff window]
Aug 28 15:14:25 connectingpoint kernel: pci_bus 0000:00: root bus resource [bus 00-7e]
Aug 28 15:14:25 connectingpoint kernel: pci 0000:00:00.0: [8086:6f00] type 00 class 0x060000 PCIe Root Port
Aug 28 15:14:25 connectingpoint kernel: pci 0000:00:01.0: [8086:6f02] type 01 class 0x060400 PCIe Root Port
Aug 28 15:14:25 connectingpoint kernel: pci 0000:00:01.0: PCI bridge to [bus 02]
Aug 28 15:14:25 connectingpoint kernel: pci 0000:00:01.0:   bridge window [io  0x2000-0x2fff]
Aug 28 15:14:25 connectingpoint kernel: pci 0000:00:01.0:   bridge window [mem 0x91f00000-0x920fffff]
Aug 28 15:14:25 connectingpoint kernel: pci 0000:00:01.0: PME# supported from D0 D3hot D3cold
Aug 28 15:14:25 connectingpoint kernel: pci 0000:00:02.0: [8086:6f04] type 01 class 0x060400 PCIe Root Port
Aug 28 15:14:25 connectingpoint kernel: pci 0000:00:02.0: PCI bridge to [bus 03]
Aug 28 15:14:25 connectingpoint kernel: pci 0000:00:02.0: PME# supported from D0 D3hot D3cold
Aug 28 15:14:25 connectingpoint kernel: pci 0000:00:02.2: [8086:6f06] type 01 class 0x060400 PCIe Root Port
Aug 28 15:14:25 connectingpoint kernel: pci 0000:00:02.2: PCI bridge to [bus 04]
Aug 28 15:14:25 connectingpoint kernel: pci 0000:00:02.2: PME# supported from D0 D3hot D3cold
Aug 28 15:14:25 connectingpoint kernel: pci 0000:00:03.0: [8086:6f08] type 01 class 0x060400 PCIe Root Port
Aug 28 15:14:25 connectingpoint kernel: pci 0000:00:03.0: PCI bridge to [bus 01]
Aug 28 15:14:25 connectingpoint kernel: pci 0000:00:03.0:   bridge window [mem 0x91a00000-0x91efffff]
Aug 28 15:14:25 connectingpoint kernel: pci 0000:00:03.0: PME# supported from D0 D3hot D3cold
Aug 28 15:14:25 connectingpoint kernel: pci 0000:00:03.2: [8086:6f0a] type 01 class 0x060400 PCIe Root Port
Aug 28 15:14:25 connectingpoint kernel: pci 0000:00:03.2: PCI bridge to [bus 05]
Aug 28 15:14:25 connectingpoint kernel: pci 0000:00:03.2: PME# supported from D0 D3hot D3cold
Aug 28 15:14:25 connectingpoint kernel: pci 0000:00:05.0: [8086:6f28] type 00 class 0x088000 PCIe Root Complex Integrated Endpoint
Aug 28 15:14:25 connectingpoint kernel: pci 0000:00:05.1: [8086:6f29] type 00 class 0x088000 PCIe Root Complex Integrated Endpoint
Aug 28 15:14:25 connectingpoint kernel: pci 0000:00:05.2: [8086:6f2a] type 00 class 0x088000 PCIe Root Complex Integrated Endpoint
Aug 28 15:14:25 connectingpoint kernel: pci 0000:00:05.4: [8086:6f2c] type 00 class 0x080020 PCIe Root Complex Integrated Endpoint
Aug 28 15:14:25 connectingpoint kernel: pci 0000:00:05.4: BAR 0 [mem 0x92104000-0x92104fff]
Aug 28 15:14:25 connectingpoint kernel: pci 0000:00:11.0: [8086:8d7c] type 00 class 0xff0000 PCIe Root Complex Integrated Endpoint
Aug 28 15:14:25 connectingpoint kernel: pci 0000:00:11.4: [8086:8d62] type 00 class 0x010601 conventional PCI endpoint
Aug 28 15:14:25 connectingpoint kernel: pci 0000:00:11.4: BAR 0 [io  0x3078-0x307f]
Aug 28 15:14:25 connectingpoint kernel: pci 0000:00:11.4: BAR 1 [io  0x308c-0x308f]
Aug 28 15:14:25 connectingpoint kernel: pci 0000:00:11.4: BAR 2 [io  0x3070-0x3077]
Aug 28 15:14:25 connectingpoint kernel: pci 0000:00:11.4: BAR 3 [io  0x3088-0x308b]
Aug 28 15:14:25 connectingpoint kernel: pci 0000:00:11.4: BAR 4 [io  0x3040-0x305f]
Aug 28 15:14:25 connectingpoint kernel: pci 0000:00:11.4: BAR 5 [mem 0x92101000-0x921017ff]
Aug 28 15:14:25 connectingpoint kernel: pci 0000:00:11.4: PME# supported from D3hot
Aug 28 15:14:25 connectingpoint kernel: pci 0000:00:16.0: [8086:8d3a] type 00 class 0x078000 conventional PCI endpoint
Aug 28 15:14:25 connectingpoint kernel: pci 0000:00:16.0: BAR 0 [mem 0x3bffff03000-0x3bffff0300f 64bit]
Aug 28 15:14:25 connectingpoint kernel: pci 0000:00:16.0: PME# supported from D0 D3hot D3cold
Aug 28 15:14:25 connectingpoint kernel: pci 0000:00:16.1: [8086:8d3b] type 00 class 0x078000 conventional PCI endpoint
Aug 28 15:14:25 connectingpoint kernel: pci 0000:00:16.1: BAR 0 [mem 0x3bffff02000-0x3bffff0200f 64bit]
Aug 28 15:14:25 connectingpoint kernel: pci 0000:00:16.1: PME# supported from D0 D3hot D3cold
Aug 28 15:14:25 connectingpoint kernel: pci 0000:00:1a.0: [8086:8d2d] type 00 class 0x0c0320 conventional PCI endpoint
Aug 28 15:14:25 connectingpoint kernel: pci 0000:00:1a.0: BAR 0 [mem 0x92103000-0x921033ff]
Aug 28 15:14:25 connectingpoint kernel: pci 0000:00:1a.0: PME# supported from D0 D3hot D3cold
Aug 28 15:14:25 connectingpoint kernel: pci 0000:00:1c.0: [8086:8d10] type 01 class 0x060400 PCIe Root Port
Aug 28 15:14:25 connectingpoint kernel: pci 0000:00:1c.0: PCI bridge to [bus 06]
Aug 28 15:14:25 connectingpoint kernel: pci 0000:00:1c.0: PME# supported from D0 D3hot D3cold
Aug 28 15:14:25 connectingpoint kernel: pci 0000:00:1c.0: Enabling MPC IRBNCE
Aug 28 15:14:25 connectingpoint kernel: pci 0000:00:1c.0: Intel PCH root port ACS workaround enabled
Aug 28 15:14:25 connectingpoint kernel: pci 0000:00:1c.7: [8086:8d1e] type 01 class 0x060400 PCIe Root Port
Aug 28 15:14:25 connectingpoint kernel: pci 0000:00:1c.7: PCI bridge to [bus 07-0b]
Aug 28 15:14:25 connectingpoint kernel: pci 0000:00:1c.7:   bridge window [mem 0x91000000-0x919fffff]
Aug 28 15:14:25 connectingpoint kernel: pci 0000:00:1c.7:   bridge window [mem 0x90000000-0x90ffffff 64bit pref]
Aug 28 15:14:25 connectingpoint kernel: pci 0000:00:1c.7: PME# supported from D0 D3hot D3cold
Aug 28 15:14:25 connectingpoint kernel: pci 0000:00:1c.7: Enabling MPC IRBNCE
Aug 28 15:14:25 connectingpoint kernel: pci 0000:00:1c.7: Intel PCH root port ACS workaround enabled
Aug 28 15:14:25 connectingpoint kernel: pci 0000:00:1d.0: [8086:8d26] type 00 class 0x0c0320 conventional PCI endpoint
Aug 28 15:14:25 connectingpoint kernel: pci 0000:00:1d.0: BAR 0 [mem 0x92102000-0x921023ff]
Aug 28 15:14:25 connectingpoint kernel: pci 0000:00:1d.0: PME# supported from D0 D3hot D3cold
Aug 28 15:14:25 connectingpoint kernel: pci 0000:00:1f.0: [8086:8d44] type 00 class 0x060100 conventional PCI endpoint
Aug 28 15:14:25 connectingpoint kernel: pci 0000:00:1f.2: [8086:8d02] type 00 class 0x010601 conventional PCI endpoint
Aug 28 15:14:25 connectingpoint kernel: pci 0000:00:1f.2: BAR 0 [io  0x3068-0x306f]
Aug 28 15:14:25 connectingpoint kernel: pci 0000:00:1f.2: BAR 1 [io  0x3084-0x3087]
Aug 28 15:14:25 connectingpoint kernel: pci 0000:00:1f.2: BAR 2 [io  0x3060-0x3067]
Aug 28 15:14:25 connectingpoint kernel: pci 0000:00:1f.2: BAR 3 [io  0x3080-0x3083]
Aug 28 15:14:25 connectingpoint kernel: pci 0000:00:1f.2: BAR 4 [io  0x3020-0x303f]
Aug 28 15:14:25 connectingpoint kernel: pci 0000:00:1f.2: BAR 5 [mem 0x92100000-0x921007ff]
Aug 28 15:14:25 connectingpoint kernel: pci 0000:00:1f.2: PME# supported from D3hot
Aug 28 15:14:25 connectingpoint kernel: pci 0000:02:00.0: [1000:005d] type 00 class 0x010400 PCIe Endpoint
Aug 28 15:14:25 connectingpoint kernel: pci 0000:02:00.0: BAR 0 [io  0x2000-0x20ff]
Aug 28 15:14:25 connectingpoint kernel: pci 0000:02:00.0: BAR 1 [mem 0x92000000-0x9200ffff 64bit]
Aug 28 15:14:25 connectingpoint kernel: pci 0000:02:00.0: BAR 3 [mem 0x91f00000-0x91ffffff 64bit]
Aug 28 15:14:25 connectingpoint kernel: pci 0000:02:00.0: ROM [mem 0xfffe0000-0xffffffff pref]
Aug 28 15:14:25 connectingpoint kernel: pci 0000:02:00.0: [Firmware Bug]: disabling VPD access (can't determine size of non-standard VPD format)
Aug 28 15:14:25 connectingpoint kernel: pci 0000:02:00.0: supports D1 D2
Aug 28 15:14:25 connectingpoint kernel: pci 0000:00:01.0: PCI bridge to [bus 02]
Aug 28 15:14:25 connectingpoint kernel: pci 0000:00:02.0: PCI bridge to [bus 03]
Aug 28 15:14:25 connectingpoint kernel: pci 0000:00:02.2: PCI bridge to [bus 04]
Aug 28 15:14:25 connectingpoint kernel: pci 0000:01:00.0: [8086:1521] type 00 class 0x020000 PCIe Endpoint
Aug 28 15:14:25 connectingpoint kernel: pci 0000:01:00.0: BAR 0 [mem 0x91d00000-0x91dfffff]
Aug 28 15:14:25 connectingpoint kernel: pci 0000:01:00.0: BAR 3 [mem 0x91e0c000-0x91e0ffff]
Aug 28 15:14:25 connectingpoint kernel: pci 0000:01:00.0: ROM [mem 0xfff80000-0xffffffff pref]
Aug 28 15:14:25 connectingpoint kernel: pci 0000:01:00.0: PME# supported from D0 D3hot D3cold
Aug 28 15:14:25 connectingpoint kernel: pci 0000:01:00.0: VF BAR 0 [mem 0x00000000-0x00003fff 64bit pref]
Aug 28 15:14:25 connectingpoint kernel: pci 0000:01:00.0: VF BAR 0 [mem 0x00000000-0x0001ffff 64bit pref]: contains BAR 0 for 8 VFs
Aug 28 15:14:25 connectingpoint kernel: pci 0000:01:00.0: VF BAR 3 [mem 0x00000000-0x00003fff 64bit pref]
Aug 28 15:14:25 connectingpoint kernel: pci 0000:01:00.0: VF BAR 3 [mem 0x00000000-0x0001ffff 64bit pref]: contains BAR 3 for 8 VFs
Aug 28 15:14:25 connectingpoint kernel: pci 0000:01:00.1: [8086:1521] type 00 class 0x020000 PCIe Endpoint
Aug 28 15:14:25 connectingpoint kernel: pci 0000:01:00.1: BAR 0 [mem 0x91c00000-0x91cfffff]
Aug 28 15:14:25 connectingpoint kernel: pci 0000:01:00.1: BAR 3 [mem 0x91e08000-0x91e0bfff]
Aug 28 15:14:25 connectingpoint kernel: pci 0000:01:00.1: ROM [mem 0xfff80000-0xffffffff pref]
Aug 28 15:14:25 connectingpoint kernel: pci 0000:01:00.1: PME# supported from D0 D3hot D3cold
Aug 28 15:14:25 connectingpoint kernel: pci 0000:01:00.1: VF BAR 0 [mem 0x00000000-0x00003fff 64bit pref]
Aug 28 15:14:25 connectingpoint kernel: pci 0000:01:00.1: VF BAR 0 [mem 0x00000000-0x0001ffff 64bit pref]: contains BAR 0 for 8 VFs
Aug 28 15:14:25 connectingpoint kernel: pci 0000:01:00.1: VF BAR 3 [mem 0x00000000-0x00003fff 64bit pref]
Aug 28 15:14:25 connectingpoint kernel: pci 0000:01:00.1: VF BAR 3 [mem 0x00000000-0x0001ffff 64bit pref]: contains BAR 3 for 8 VFs
Aug 28 15:14:25 connectingpoint kernel: pci 0000:01:00.2: [8086:1521] type 00 class 0x020000 PCIe Endpoint
Aug 28 15:14:25 connectingpoint kernel: pci 0000:01:00.2: BAR 0 [mem 0x91b00000-0x91bfffff]
Aug 28 15:14:25 connectingpoint kernel: pci 0000:01:00.2: BAR 3 [mem 0x91e04000-0x91e07fff]
Aug 28 15:14:25 connectingpoint kernel: pci 0000:01:00.2: ROM [mem 0xfff80000-0xffffffff pref]
Aug 28 15:14:25 connectingpoint kernel: pci 0000:01:00.2: PME# supported from D0 D3hot D3cold
Aug 28 15:14:25 connectingpoint kernel: pci 0000:01:00.2: VF BAR 0 [mem 0x00000000-0x00003fff 64bit pref]
Aug 28 15:14:25 connectingpoint kernel: pci 0000:01:00.2: VF BAR 0 [mem 0x00000000-0x0001ffff 64bit pref]: contains BAR 0 for 8 VFs
Aug 28 15:14:25 connectingpoint kernel: pci 0000:01:00.2: VF BAR 3 [mem 0x00000000-0x00003fff 64bit pref]
Aug 28 15:14:25 connectingpoint kernel: pci 0000:01:00.2: VF BAR 3 [mem 0x00000000-0x0001ffff 64bit pref]: contains BAR 3 for 8 VFs
Aug 28 15:14:25 connectingpoint kernel: pci 0000:01:00.3: [8086:1521] type 00 class 0x020000 PCIe Endpoint
Aug 28 15:14:25 connectingpoint kernel: pci 0000:01:00.3: BAR 0 [mem 0x91a00000-0x91afffff]
Aug 28 15:14:25 connectingpoint kernel: pci 0000:01:00.3: BAR 3 [mem 0x91e00000-0x91e03fff]
Aug 28 15:14:25 connectingpoint kernel: pci 0000:01:00.3: ROM [mem 0xfff80000-0xffffffff pref]
Aug 28 15:14:25 connectingpoint kernel: pci 0000:01:00.3: PME# supported from D0 D3hot D3cold
Aug 28 15:14:25 connectingpoint kernel: pci 0000:01:00.3: VF BAR 0 [mem 0x00000000-0x00003fff 64bit pref]
Aug 28 15:14:25 connectingpoint kernel: pci 0000:01:00.3: VF BAR 0 [mem 0x00000000-0x0001ffff 64bit pref]: contains BAR 0 for 8 VFs
Aug 28 15:14:25 connectingpoint kernel: pci 0000:01:00.3: VF BAR 3 [mem 0x00000000-0x00003fff 64bit pref]
Aug 28 15:14:25 connectingpoint kernel: pci 0000:01:00.3: VF BAR 3 [mem 0x00000000-0x0001ffff 64bit pref]: contains BAR 3 for 8 VFs
Aug 28 15:14:25 connectingpoint kernel: pci 0000:00:03.0: PCI bridge to [bus 01]
Aug 28 15:14:25 connectingpoint kernel: pci 0000:00:03.2: PCI bridge to [bus 05]
Aug 28 15:14:25 connectingpoint kernel: pci 0000:00:1c.0: PCI bridge to [bus 06]
Aug 28 15:14:25 connectingpoint kernel: pci 0000:07:00.0: [1912:001d] type 01 class 0x060400 PCIe Switch Upstream Port
Aug 28 15:14:25 connectingpoint kernel: pci 0000:07:00.0: PCI bridge to [bus 08-0b]
Aug 28 15:14:25 connectingpoint kernel: pci 0000:07:00.0:   bridge window [mem 0x91000000-0x919fffff]
Aug 28 15:14:25 connectingpoint kernel: pci 0000:07:00.0:   bridge window [mem 0x90000000-0x90ffffff 64bit pref]
Aug 28 15:14:25 connectingpoint kernel: pci 0000:07:00.0: PME# supported from D0 D3hot D3cold
Aug 28 15:14:25 connectingpoint kernel: pci 0000:00:1c.7: PCI bridge to [bus 07-0b]
Aug 28 15:14:25 connectingpoint kernel: pci 0000:08:00.0: [1912:001d] type 01 class 0x060400 PCIe Switch Downstream Port
Aug 28 15:14:25 connectingpoint kernel: pci 0000:08:00.0: PCI bridge to [bus 09-0a]
Aug 28 15:14:25 connectingpoint kernel: pci 0000:08:00.0:   bridge window [mem 0x91000000-0x918fffff]
Aug 28 15:14:25 connectingpoint kernel: pci 0000:08:00.0:   bridge window [mem 0x90000000-0x90ffffff 64bit pref]
Aug 28 15:14:25 connectingpoint kernel: pci 0000:08:00.0: PME# supported from D0 D3hot D3cold
Aug 28 15:14:25 connectingpoint kernel: pci 0000:07:00.0: PCI bridge to [bus 08-0b]
Aug 28 15:14:25 connectingpoint kernel: pci 0000:09:00.0: [1912:001a] type 01 class 0x060400 PCIe to PCI/PCI-X bridge
Aug 28 15:14:25 connectingpoint kernel: pci 0000:09:00.0: PCI bridge to [bus 0a]
Aug 28 15:14:25 connectingpoint kernel: pci 0000:09:00.0:   bridge window [mem 0x91000000-0x918fffff]
Aug 28 15:14:25 connectingpoint kernel: pci 0000:09:00.0:   bridge window [mem 0x90000000-0x90ffffff 64bit pref]
Aug 28 15:14:25 connectingpoint kernel: pci 0000:08:00.0: PCI bridge to [bus 09-0a]
Aug 28 15:14:25 connectingpoint kernel: pci_bus 0000:0a: extended config space not accessible
Aug 28 15:14:25 connectingpoint kernel: pci 0000:0a:00.0: [102b:0534] type 00 class 0x030000 conventional PCI endpoint
Aug 28 15:14:25 connectingpoint kernel: pci 0000:0a:00.0: BAR 0 [mem 0x90000000-0x90ffffff pref]
Aug 28 15:14:25 connectingpoint kernel: pci 0000:0a:00.0: BAR 1 [mem 0x91800000-0x91803fff]
Aug 28 15:14:25 connectingpoint kernel: pci 0000:0a:00.0: BAR 2 [mem 0x91000000-0x917fffff]
Aug 28 15:14:25 connectingpoint kernel: pci 0000:0a:00.0: Video device with shadowed ROM at [mem 0x000c0000-0x000dffff]
Aug 28 15:14:25 connectingpoint kernel: pci 0000:09:00.0: PCI bridge to [bus 0a]
Aug 28 15:14:25 connectingpoint kernel: pci_bus 0000:00: on NUMA node 0
Aug 28 15:14:25 connectingpoint kernel: ACPI: PCI: Interrupt link LNKA configured for IRQ 0
Aug 28 15:14:25 connectingpoint kernel: ACPI: PCI: Interrupt link LNKA disabled
Aug 28 15:14:25 connectingpoint kernel: ACPI: PCI: Interrupt link LNKB configured for IRQ 0
Aug 28 15:14:25 connectingpoint kernel: ACPI: PCI: Interrupt link LNKB disabled
Aug 28 15:14:25 connectingpoint kernel: ACPI: PCI: Interrupt link LNKC configured for IRQ 0
Aug 28 15:14:25 connectingpoint kernel: ACPI: PCI: Interrupt link LNKC disabled
Aug 28 15:14:25 connectingpoint kernel: ACPI: PCI: Interrupt link LNKD configured for IRQ 0
Aug 28 15:14:25 connectingpoint kernel: ACPI: PCI: Interrupt link LNKD disabled
Aug 28 15:14:25 connectingpoint kernel: ACPI: PCI: Interrupt link LNKE configured for IRQ 0
Aug 28 15:14:25 connectingpoint kernel: ACPI: PCI: Interrupt link LNKE disabled
Aug 28 15:14:25 connectingpoint kernel: ACPI: PCI: Interrupt link LNKF configured for IRQ 0
Aug 28 15:14:25 connectingpoint kernel: ACPI: PCI: Interrupt link LNKF disabled
Aug 28 15:14:25 connectingpoint kernel: ACPI: PCI: Interrupt link LNKG configured for IRQ 0
Aug 28 15:14:25 connectingpoint kernel: ACPI: PCI: Interrupt link LNKG disabled
Aug 28 15:14:25 connectingpoint kernel: ACPI: PCI: Interrupt link LNKH configured for IRQ 0
Aug 28 15:14:25 connectingpoint kernel: ACPI: PCI: Interrupt link LNKH disabled
Aug 28 15:14:25 connectingpoint kernel: ACPI: PCI Root Bridge [PCI1] (domain 0000 [bus 80-fe])
Aug 28 15:14:25 connectingpoint kernel: acpi PNP0A08:01: _OSC: OS supports [ExtendedConfig ASPM ClockPM Segments MSI EDR HPX-Type3]
Aug 28 15:14:25 connectingpoint kernel: acpi PNP0A08:01: _OSC: OS now controls [PCIeHotplug SHPCHotplug PME AER PCIeCapability LTR DPC]
Aug 28 15:14:25 connectingpoint kernel: acpi PNP0A08:01: FADT indicates ASPM is unsupported, using BIOS configuration
Aug 28 15:14:25 connectingpoint kernel: PCI host bridge to bus 0000:80
Aug 28 15:14:25 connectingpoint kernel: pci_bus 0000:80: root bus resource [io  0x8000-0xffff window]
Aug 28 15:14:25 connectingpoint kernel: pci_bus 0000:80: root bus resource [mem 0xc8000000-0xfbffbfff window]
Aug 28 15:14:25 connectingpoint kernel: pci_bus 0000:80: root bus resource [mem 0x3c000000000-0x3ffffffffff window]
Aug 28 15:14:25 connectingpoint kernel: pci_bus 0000:80: root bus resource [bus 80-fe]
Aug 28 15:14:25 connectingpoint kernel: pci 0000:80:01.0: [8086:6f02] type 01 class 0x060400 PCIe Root Port
Aug 28 15:14:25 connectingpoint kernel: pci 0000:80:01.0: PCI bridge to [bus 81]
Aug 28 15:14:25 connectingpoint kernel: pci 0000:80:01.0: PME# supported from D0 D3hot D3cold
Aug 28 15:14:25 connectingpoint kernel: pci 0000:80:02.0: [8086:6f04] type 01 class 0x060400 PCIe Root Port
Aug 28 15:14:25 connectingpoint kernel: pci 0000:80:02.0: PCI bridge to [bus 82]
Aug 28 15:14:25 connectingpoint kernel: pci 0000:80:02.0: PME# supported from D0 D3hot D3cold
Aug 28 15:14:25 connectingpoint kernel: pci 0000:80:03.0: [8086:6f08] type 01 class 0x060400 PCIe Root Port
Aug 28 15:14:25 connectingpoint kernel: pci 0000:80:03.0: PCI bridge to [bus 83]
Aug 28 15:14:25 connectingpoint kernel: pci 0000:80:03.0: PME# supported from D0 D3hot D3cold
Aug 28 15:14:25 connectingpoint kernel: pci 0000:80:03.2: [8086:6f0a] type 01 class 0x060400 PCIe Root Port
Aug 28 15:14:25 connectingpoint kernel: pci 0000:80:03.2: PCI bridge to [bus 84]
Aug 28 15:14:25 connectingpoint kernel: pci 0000:80:03.2: PME# supported from D0 D3hot D3cold
Aug 28 15:14:25 connectingpoint kernel: pci 0000:80:05.0: [8086:6f28] type 00 class 0x088000 PCIe Root Complex Integrated Endpoint
